Component: ARM Compiler 5.05 update 2 (build 169) Tool: armlink [4d0f33]

==============================================================================

Section Cross References

    main.o(i.main) refers to misc.o(i.NVIC_PriorityGroupConfig) for NVIC_PriorityGroupConfig
    main.o(i.main) refers to usart_coordinator.o(i.usartx_init) for usartx_init
    main.o(i.main) refers to printf5.o(i.__0printf$5) for __2printf
    main.o(i.main) refers to delay_tim4.o(i.Timedelay_tim4_init) for Timedelay_tim4_init
    main.o(i.main) refers to dwm1000_api.o(i.dwm1000_init) for dwm1000_init
    main.o(i.main) refers to tasks.o(i.xTaskCreate) for xTaskCreate
    main.o(i.main) refers to tasks.o(i.vTaskStartScheduler) for vTaskStartScheduler
    main.o(i.main) refers to main.o(.data) for StartTask_Handler
    main.o(i.main) refers to main.o(i.start_task) for start_task
    main.o(i.start_task) refers to port.o(i.vPortEnterCritical) for vPortEnterCritical
    main.o(i.start_task) refers to tasks.o(i.xTaskCreate) for xTaskCreate
    main.o(i.start_task) refers to printf5.o(i.__0printf$5) for __2printf
    main.o(i.start_task) refers to tasks.o(i.vTaskDelete) for vTaskDelete
    main.o(i.start_task) refers to port.o(i.vPortExitCritical) for vPortExitCritical
    main.o(i.start_task) refers to main.o(.data) for TESTTask_Handler
    main.o(i.start_task) refers to main.o(i.test_task) for test_task
    main.o(i.test_task) refers to deca_device.o(i.dwt_setrxaftertxdelay) for dwt_setrxaftertxdelay
    main.o(i.test_task) refers to deca_device.o(i.dwt_setrxtimeout) for dwt_setrxtimeout
    main.o(i.test_task) refers to deca_device.o(i.dwt_writetxdata) for dwt_writetxdata
    main.o(i.test_task) refers to deca_device.o(i.dwt_writetxfctrl) for dwt_writetxfctrl
    main.o(i.test_task) refers to deca_device.o(i.dwt_starttx) for dwt_starttx
    main.o(i.test_task) refers to deca_device.o(i.dwt_read32bitoffsetreg) for dwt_read32bitoffsetreg
    main.o(i.test_task) refers to deca_device.o(i.dwt_write32bitoffsetreg) for dwt_write32bitoffsetreg
    main.o(i.test_task) refers to deca_device.o(i.dwt_readrxdata) for dwt_readrxdata
    main.o(i.test_task) refers to printf5.o(i.__0printf$5) for __2printf
    main.o(i.test_task) refers to deca_sleep.o(i.sleep_ms) for sleep_ms
    main.o(i.test_task) refers to main.o(.data) for tx_msg
    coordinatorstates.o(i.coordStates_StatesPareInit) refers to coordinatorstates.o(.data) for CoordStatesPara
    wsn_hostcmd.o(i.HostCmd_Process) refers to printf5.o(i.__0printf$5) for __2printf
    wsn_hostcmd.o(i.HostCmd_Process) refers to wsn_hostcmd.o(i.UART_CoordSelfNetform) for UART_CoordSelfNetform
    wsn_hostcmd.o(i.HostCmd_Process) refers to usart_coordinator.o(.bss) for UartRxDataPara
    wsn_hostcmd.o(i.HostCmd_Process) refers to coordinatorstates.o(.data) for CoordStatesPara
    wsn_hostcmd.o(i.UART_CoordSelfNetform) refers to coordinatorstates.o(.data) for CoordStatesPara
    led.o(i.LED_Init) refers to stm32f4xx_rcc.o(i.RCC_AHB1PeriphClockCmd) for RCC_AHB1PeriphClockCmd
    led.o(i.LED_Init) refers to stm32f4xx_gpio.o(i.GPIO_Init) for GPIO_Init
    led.o(i.LED_Init) refers to stm32f4xx_gpio.o(i.GPIO_SetBits) for GPIO_SetBits
    delay_tim4.o(i.TIM4_IRQHandler) refers to stm32f4xx_tim.o(i.TIM_GetITStatus) for TIM_GetITStatus
    delay_tim4.o(i.TIM4_IRQHandler) refers to stm32f4xx_tim.o(i.TIM_ClearITPendingBit) for TIM_ClearITPendingBit
    delay_tim4.o(i.TIM4_IRQHandler) refers to delay_tim4.o(.data) for Timedelay_tim4
    delay_tim4.o(i.TIM4_Init) refers to stm32f4xx_rcc.o(i.RCC_APB1PeriphClockCmd) for RCC_APB1PeriphClockCmd
    delay_tim4.o(i.TIM4_Init) refers to stm32f4xx_tim.o(i.TIM_TimeBaseInit) for TIM_TimeBaseInit
    delay_tim4.o(i.TIM4_Init) refers to stm32f4xx_tim.o(i.TIM_ITConfig) for TIM_ITConfig
    delay_tim4.o(i.TIM4_Init) refers to stm32f4xx_tim.o(i.TIM_Cmd) for TIM_Cmd
    delay_tim4.o(i.TIM4_Init) refers to misc.o(i.NVIC_Init) for NVIC_Init
    delay_tim4.o(i.Timedelay_tim4_init) refers to delay_tim4.o(i.TIM4_Init) for TIM4_Init
    delay_tim4.o(i.Timedelay_tim4_init) refers to stm32f4xx_tim.o(i.TIM_Cmd) for TIM_Cmd
    delay_tim4.o(i.Timedelay_tim4_ms) refers to stm32f4xx_tim.o(i.TIM_Cmd) for TIM_Cmd
    delay_tim4.o(i.Timedelay_tim4_ms) refers to delay_tim4.o(.data) for Timedelay_tim4
    delay_tim4.o(i.Timedelay_tim4_s) refers to stm32f4xx_tim.o(i.TIM_Cmd) for TIM_Cmd
    delay_tim4.o(i.Timedelay_tim4_s) refers to delay_tim4.o(.data) for Timedelay_tim4
    usart_coordinator.o(i.USART1_IRQHandler) refers to stm32f4xx_usart.o(i.USART_GetITStatus) for USART_GetITStatus
    usart_coordinator.o(i.USART1_IRQHandler) refers to stm32f4xx_dma.o(i.DMA_Cmd) for DMA_Cmd
    usart_coordinator.o(i.USART1_IRQHandler) refers to stm32f4xx_dma.o(i.DMA_ClearFlag) for DMA_ClearFlag
    usart_coordinator.o(i.USART1_IRQHandler) refers to printf5.o(i.__0printf$5) for __2printf
    usart_coordinator.o(i.USART1_IRQHandler) refers to wsn_hostcmd.o(i.HostCmd_Process) for HostCmd_Process
[...]
    ..\Code_user\main.c                      0x00000000   Number         0  main.o ABSOLUTE
    ..\\Code_transplant\\Hardware_dwm1000\\dwm1000_decadriver\\deca_device.c 0x00000000   Number         0  deca_device.o ABSOLUTE
    ..\\Code_transplant\\Hardware_dwm1000\\dwm1000_port_stm32f405\\deca_mutex.c 0x00000000   Number         0  deca_mutex.o ABSOLUTE
    ..\\Code_transplant\\Hardware_dwm1000\\dwm1000_port_stm32f405\\deca_port_stm32f405.c 0x00000000   Number         0  deca_port_stm32f405.o ABSOLUTE
    ..\\Code_transplant\\Hardware_dwm1000\\dwm1000_port_stm32f405\\deca_sleep.c 0x00000000   Number         0  deca_sleep.o ABSOLUTE
    ..\\Code_transplant\\Hardware_dwm1000\\dwm1000_port_stm32f405\\deca_spi.c 0x00000000   Number         0  deca_spi.o ABSOLUTE
    ..\\Code_transplant\\Hardware_dwm1000\\dwm1000_port_stm32f405\\dwm1000_api.c 0x00000000   Number         0  dwm1000_api.o ABSOLUTE
    ..\\Code_transplant\\Library_stm32f405\\Cmsis\\system_stm32f4xx.c 0x00000000   Number         0  system_stm32f4xx.o ABSOLUTE
    ..\\Code_transplant\\Library_stm32f405\\Driver\\src\\misc.c 0x00000000   Number         0  misc.o ABSOLUTE
    ..\\Code_transplant\\Library_stm32f405\\Driver\\src\\stm32f4xx_dma.c 0x00000000   Number         0  stm32f4xx_dma.o ABSOLUTE
    ..\\Code_transplant\\Library_stm32f405\\Driver\\src\\stm32f4xx_exti.c 0x00000000   Number         0  stm32f4xx_exti.o ABSOLUTE
    ..\\Code_transplant\\Library_stm32f405\\Driver\\src\\stm32f4xx_gpio.c 0x00000000   Number         0  stm32f4xx_gpio.o ABSOLUTE
    ..\\Code_transplant\\Library_stm32f405\\Driver\\src\\stm32f4xx_rcc.c 0x00000000   Number         0  stm32f4xx_rcc.o ABSOLUTE
    ..\\Code_transplant\\Library_stm32f405\\Driver\\src\\stm32f4xx_sdio.c 0x00000000   Number         0  stm32f4xx_sdio.o ABSOLUTE
    ..\\Code_transplant\\Library_stm32f405\\Driver\\src\\stm32f4xx_spi.c 0x00000000   Number         0  stm32f4xx_spi.o ABSOLUTE
    ..\\Code_transplant\\Library_stm32f405\\Driver\\src\\stm32f4xx_syscfg.c 0x00000000   Number         0  stm32f4xx_syscfg.o ABSOLUTE
    ..\\Code_transplant\\Library_stm32f405\\Driver\\src\\stm32f4xx_tim.c 0x00000000   Number         0  stm32f4xx_tim.o ABSOLUTE
    ..\\Code_transplant\\Library_stm32f405\\Driver\\src\\stm32f4xx_usart.c 0x00000000   Number         0  stm32f4xx_usart.o ABSOLUTE
    ..\\Code_transplant\\Library_stm32f405\\Driver\\stm32f4xx_it.c 0x00000000   Number         0  stm32f4xx_it.o ABSOLUTE
    ..\\Code_transplant\\System_freertos\\freertos_core\\event_groups.c 0x00000000   Number         0  event_groups.o ABSOLUTE
    ..\\Code_transplant\\System_freertos\\freertos_core\\list.c 0x00000000   Number         0  list.o ABSOLUTE
    ..\\Code_transplant\\System_freertos\\freertos_core\\queue.c 0x00000000   Number         0  queue.o ABSOLUTE
    ..\\Code_transplant\\System_freertos\\freertos_core\\stream_buffer.c 0x00000000   Number         0  stream_buffer.o ABSOLUTE
    ..\\Code_transplant\\System_freertos\\freertos_core\\tasks.c 0x00000000   Number         0  tasks.o ABSOLUTE
    ..\\Code_transplant\\System_freertos\\freertos_core\\timers.c 0x00000000   Number         0  timers.o ABSOLUTE
    ..\\Code_transplant\\System_freertos\\freertos_port_stm32f405\\heap_4.c 0x00000000   Number         0  heap_4.o ABSOLUTE
    ..\\Code_transplant\\System_freertos\\freertos_port_stm32f405\\port.c 0x00000000   Number         0  port.o ABSOLUTE
    ..\\Code_user\\Peripheral\\led\\led.c    0x00000000   Number         0  led.o ABSOLUTE
    ..\\Code_user\\Peripheral\\timer\\delay_tim4.c 0x00000000   Number         0  delay_tim4.o ABSOLUTE
    ..\\Code_user\\Peripheral\\usart\\usart_coordinator.c 0x00000000   Number         0  usart_coordinator.o ABSOLUTE
    ..\\Code_user\\Wsn\\coordinatorstates.c  0x00000000   Number         0  coordinatorstates.o ABSOLUTE
    ..\\Code_user\\Wsn\\wsn_hostcmd.c        0x00000000   Number         0  wsn_hostcmd.o ABSOLUTE
    ..\\Code_user\\main.c                    0x00000000   Number         0  main.o ABSOLUTE
    cdrcmple.s                               0x00000000   Number         0  cdrcmple.o ABSOLUTE
    dc.s                                     0x00000000   Number         0  dc.o ABSOLUTE
    handlers.s                               0x00000000   Number         0  handlers.o ABSOLUTE
    init.s                                   0x00000000   Number         0  init.o ABSOLUTE
    RESET                                    0x08000000   Section      392  startup_stm32f40_41xxx.o(RESET)
    .ARM.Collect$$$$00000000                 0x08000188   Section        0  entry.o(.ARM.Collect$$$$00000000)
    .ARM.Collect$$$$00000001                 0x08000188   Section        4  entry2.o(.ARM.Collect$$$$00000001)
    .ARM.Collect$$$$00000004                 0x0800018c   Section        4  entry5.o(.ARM.Collect$$$$00000004)
    .ARM.Collect$$$$00000008                 0x08000190   Section        0  entry7b.o(.ARM.Collect$$$$00000008)
    .ARM.Collect$$$$0000000A                 0x08000190   Section        0  entry8b.o(.ARM.Collect$$$$0000000A)
    .ARM.Collect$$$$0000000B                 0x08000190   Section        8  entry9a.o(.ARM.Collect$$$$0000000B)
    .ARM.Collect$$$$0000000D                 0x08000198   Section        0  entry10a.o(.ARM.Collect$$$$0000000D)
    .ARM.Collect$$$$0000000F                 0x08000198   Section        0  entry11a.o(.ARM.Collect$$$$0000000F)
    .ARM.Collect$$$$00002712                 0x08000198   Section        4  entry2.o(.ARM.Collect$$$$00002712)
    __lit__00000000                          0x08000198   Data           4  entry2.o(.ARM.Collect$$$$00002712)
    .emb_text                                0x0800019c   Section      190  port.o(.emb_text)
    $v0                                      0x0800019c   Number         0  port.o(.emb_text)
    .text                                    0x0800025c   Section       36  startup_stm32f40_41xxx.o(.text)
    $v0                                      0x0800025c   Number         0  startup_stm32f40_41xxx.o(.text)
    .text                                    0x08000280   Section        0  memcpya.o(.text)
    .text                                    0x080002a4   Section        0  uldiv.o(.text)
    .text                                    0x08000306   Section        0  llshl.o(.text)
    .text                                    0x08000324   Section        0  llushr.o(.text)
    .text                                    0x08000344   Section       36  init.o(.text)
    i.BusFault_Handler                       0x08000368   Section        0  stm32f4xx_it.o(i.BusFault_Handler)
    i.DECAIRQ_Configuration                  0x0800036c   Section        0  deca_port_stm32f405.o(i.DECAIRQ_Configuration)
    i.DECA_SPIMODESET                        0x080003e4   Section        0  deca_port_stm32f405.o(i.DECA_SPIMODESET)
    i.DECA_WAKEUPSET                         0x0800045c   Section        0  deca_port_stm32f405.o(i.DECA_WAKEUPSET)
    i.DMA_ClearFlag                          0x08000498   Section        0  stm32f4xx_dma.o(i.DMA_ClearFlag)
    i.DMA_Cmd                                0x080004cc   Section        0  stm32f4xx_dma.o(i.DMA_Cmd)
    i.DMA_DeInit                             0x080004e4   Section        0  stm32f4xx_dma.o(i.DMA_DeInit)
    i.DMA_GetCmdStatus                       0x0800063c   Section        0  stm32f4xx_dma.o(i.DMA_GetCmdStatus)
    i.DMA_ITConfig                           0x08000650   Section        0  stm32f4xx_dma.o(i.DMA_ITConfig)
    i.DMA_Init                               0x0800068c   Section        0  stm32f4xx_dma.o(i.DMA_Init)
    i.DebugMon_Handler                       0x080006e4   Section        0  stm32f4xx_it.o(i.DebugMon_Handler)
    i.EXTI0_IRQHandler                       0x080006e8   Section        0  dwm1000_api.o(i.EXTI0_IRQHandler)
    i.EXTI_ClearITPendingBit                 0x08000710   Section        0  stm32f4xx_exti.o(i.EXTI_ClearITPendingBit)
    i.EXTI_GetITEnStatus                     0x0800071c   Section        0  deca_port_stm32f405.o(i.EXTI_GetITEnStatus)
    i.EXTI_Init                              0x08000738   Section        0  stm32f4xx_exti.o(i.EXTI_Init)
    i.GPIO_Init                              0x080007cc   Section        0  stm32f4xx_gpio.o(i.GPIO_Init)
    i.GPIO_PinAFConfig                       0x0800085c   Section        0  stm32f4xx_gpio.o(i.GPIO_PinAFConfig)
    i.GPIO_ReadInputDataBit                  0x080008a2   Section        0  stm32f4xx_gpio.o(i.GPIO_ReadInputDataBit)
    i.GPIO_ResetBits                         0x080008b4   Section        0  stm32f4xx_gpio.o(i.GPIO_ResetBits)
    i.GPIO_SetBits                           0x080008b8   Section        0  stm32f4xx_gpio.o(i.GPIO_SetBits)
    i.HardFault_Handler                      0x080008bc   Section        0  stm32f4xx_it.o(i.HardFault_Handler)
    i.HostCmd_Process                        0x080008c0   Section        0  wsn_hostcmd.o(i.HostCmd_Process)
    i.MemManage_Handler                      0x080009c8   Section        0  stm32f4xx_it.o(i.MemManage_Handler)
    i.NMI_Handler                            0x080009cc   Section        0  stm32f4xx_it.o(i.NMI_Handler)
    i.NVIC_Init                              0x080009d0   Section        0  misc.o(i.NVIC_Init)
    i.NVIC_PriorityGroupConfig               0x08000a48   Section        0  misc.o(i.NVIC_PriorityGroupConfig)
    i.RCC_AHB1PeriphClockCmd                 0x08000a5c   Section        0  stm32f4xx_rcc.o(i.RCC_AHB1PeriphClockCmd)
    i.RCC_APB1PeriphClockCmd                 0x08000a7c   Section        0  stm32f4xx_rcc.o(i.RCC_APB1PeriphClockCmd)
    i.RCC_APB2PeriphClockCmd                 0x08000a9c   Section        0  stm32f4xx_rcc.o(i.RCC_APB2PeriphClockCmd)
    i.RCC_APB2PeriphResetCmd                 0x08000abc   Section        0  stm32f4xx_rcc.o(i.RCC_APB2PeriphResetCmd)
    i.RCC_GetClocksFreq                      0x08000adc   Section        0  stm32f4xx_rcc.o(i.RCC_GetClocksFreq)
    i.SPI1_Configuration                     0x08000bc4   Section        0  deca_port_stm32f405.o(i.SPI1_Configuration)
    i.SPI_ChangeRate                         0x08000cb8   Section        0  deca_port_stm32f405.o(i.SPI_ChangeRate)
    i.SPI_Cmd                                0x08000cd4   Section        0  stm32f4xx_spi.o(i.SPI_Cmd)
    i.SPI_Init                               0x08000cec   Section        0  stm32f4xx_spi.o(i.SPI_Init)
    i.SYSCFG_EXTILineConfig                  0x08000d28   Section        0  stm32f4xx_syscfg.o(i.SYSCFG_EXTILineConfig)
    i.SetSysClock                            0x08000d68   Section        0  system_stm32f4xx.o(i.SetSysClock)
    SetSysClock                              0x08000d69   Thumb Code   220  system_stm32f4xx.o(i.SetSysClock)
    i.SysTick_Handler                        0x08000e54   Section        0  port.o(i.SysTick_Handler)
    i.SystemInit                             0x08000e88   Section        0  system_stm32f4xx.o(i.SystemInit)
    i.TIM4_IRQHandler                        0x08000ef0   Section        0  delay_tim4.o(i.TIM4_IRQHandler)
    i.TIM4_Init                              0x08000f20   Section        0  delay_tim4.o(i.TIM4_Init)
    i.TIM_ClearITPendingBit                  0x08000f7c   Section        0  stm32f4xx_tim.o(i.TIM_ClearITPendingBit)
    i.TIM_Cmd                                0x08000f82   Section        0  stm32f4xx_tim.o(i.TIM_Cmd)
    i.TIM_GetITStatus                        0x08000f9a   Section        0  stm32f4xx_tim.o(i.TIM_GetITStatus)
    i.TIM_ITConfig                           0x08000fbc   Section        0  stm32f4xx_tim.o(i.TIM_ITConfig)
    i.TIM_TimeBaseInit                       0x08000fd0   Section        0  stm32f4xx_tim.o(i.TIM_TimeBaseInit)
    i.Timedelay_tim4_init                    0x08001054   Section        0  delay_tim4.o(i.Timedelay_tim4_init)
    i.Timedelay_tim4_ms                      0x08001070   Section        0  delay_tim4.o(i.Timedelay_tim4_ms)
    i.UART_CoordSelfNetform                  0x0800109c   Section        0  wsn_hostcmd.o(i.UART_CoordSelfNetform)
    i.USART1_IRQHandler                      0x080010d0   Section        0  usart_coordinator.o(i.USART1_IRQHandler)
    i.USART_ClearFlag                        0x0800120c   Section        0  stm32f4xx_usart.o(i.USART_ClearFlag)
    i.USART_Cmd                              0x0800121e   Section        0  stm32f4xx_usart.o(i.USART_Cmd)
    i.USART_DMACmd                           0x08001236   Section        0  stm32f4xx_usart.o(i.USART_DMACmd)
    i.USART_GetITStatus                      0x08001248   Section        0  stm32f4xx_usart.o(i.USART_GetITStatus)
    i.USART_ITConfig                         0x0800129c   Section        0  stm32f4xx_usart.o(i.USART_ITConfig)
    i.USART_Init                             0x080012e8   Section        0  stm32f4xx_usart.o(i.USART_Init)
    i.USARTx_DMA_RX_Config                   0x080013bc   Section        0  usart_coordinator.o(i.USARTx_DMA_RX_Config)
    i.USARTx_DMA_TX_Config                   0x08001440   Section        0  usart_coordinator.o(i.USARTx_DMA_TX_Config)
    i.UsageFault_Handler                     0x080014bc   Section        0  stm32f4xx_it.o(i.UsageFault_Handler)
    i.__0printf$5                            0x080014c0   Section        0  printf5.o(i.__0printf$5)
    i.__scatterload_copy                     0x080014e0   Section       14  handlers.o(i.__scatterload_copy)
    i.__scatterload_null                     0x080014ee   Section        2  handlers.o(i.__scatterload_null)
    i.__scatterload_zeroinit                 0x080014f0   Section       14  handlers.o(i.__scatterload_zeroinit)
    i._dwt_aonarrayupload                    0x080014fe   Section        0  deca_device.o(i._dwt_aonarrayupload)
    i._dwt_configlde                         0x08001516   Section        0  deca_device.o(i._dwt_configlde)
    i._dwt_disablesequencing                 0x08001548   Section        0  deca_device.o(i._dwt_disablesequencing)
    i._dwt_enableclocks                      0x0800155c   Section        0  deca_device.o(i._dwt_enableclocks)
    i._dwt_loaducodefromrom                  0x08001650   Section        0  deca_device.o(i._dwt_loaducodefromrom)
    i._dwt_otpread                           0x08001672   Section        0  deca_device.o(i._dwt_otpread)
    i._printf_core                           0x080016a4   Section        0  printf5.o(i._printf_core)
    _printf_core                             0x080016a5   Thumb Code   658  printf5.o(i._printf_core)
    i.deca_sleep                             0x08001964   Section        0  deca_sleep.o(i.deca_sleep)
    i.decamutexoff                           0x08001970   Section        0  deca_mutex.o(i.decamutexoff)
    i.decamutexon                            0x0800198c   Section        0  deca_mutex.o(i.decamutexon)
    i.dwm1000_init                           0x080019b4   Section        0  dwm1000_api.o(i.dwm1000_init)
    i.dwt_configure                          0x08001a50   Section        0  deca_device.o(i.dwt_configure)
    i.dwt_initialise                         0x08001ca8   Section        0  deca_device.o(i.dwt_initialise)
    i.dwt_read16bitoffsetreg                 0x08001eac   Section        0  deca_device.o(i.dwt_read16bitoffsetreg)
    i.dwt_read32bitoffsetreg                 0x08001ed2   Section        0  deca_device.o(i.dwt_read32bitoffsetreg)
    i.dwt_read8bitoffsetreg                  0x08001efc   Section        0  deca_device.o(i.dwt_read8bitoffsetreg)
    i.dwt_readdevid                          0x08001f14   Section        0  deca_device.o(i.dwt_readdevid)
    i.dwt_readfromdevice                     0x08001f20   Section        0  deca_device.o(i.dwt_readfromdevice)
    i.dwt_readrxdata                         0x08001f84   Section        0  deca_device.o(i.dwt_readrxdata)
    i.dwt_setleds                            0x08001f9a   Section        0  deca_device.o(i.dwt_setleds)
    i.dwt_setrxaftertxdelay                  0x08002022   Section        0  deca_device.o(i.dwt_setrxaftertxdelay)
    i.dwt_setrxtimeout                       0x08002048   Section        0  deca_device.o(i.dwt_setrxtimeout)
    i.dwt_setxtaltrim                        0x080020a8   Section        0  deca_device.o(i.dwt_setxtaltrim)
    i.dwt_softreset                          0x080020c0   Section        0  deca_device.o(i.dwt_softreset)
    i.dwt_starttx                            0x08002108   Section        0  deca_device.o(i.dwt_starttx)
    i.dwt_write16bitoffsetreg                0x08002174   Section        0  deca_device.o(i.dwt_write16bitoffsetreg)
    i.dwt_write32bitoffsetreg                0x08002196   Section        0  deca_device.o(i.dwt_write32bitoffsetreg)
    i.dwt_write8bitoffsetreg                 0x080021be   Section        0  deca_device.o(i.dwt_write8bitoffsetreg)
    i.dwt_writetodevice                      0x080021d2   Section        0  deca_device.o(i.dwt_writetodevice)
    i.dwt_writetxdata                        0x0800223a   Section        0  deca_device.o(i.dwt_writetxdata)
    i.dwt_writetxfctrl                       0x08002260   Section        0  deca_device.o(i.dwt_writetxfctrl)
    i.fputc                                  0x0800228c   Section        0  usart_coordinator.o(i.fputc)
    i.main                                   0x080022a8   Section        0  main.o(i.main)
    i.prvAddCurrentTaskToDelayedList         0x0800233c   Section        0  tasks.o(i.prvAddCurrentTaskToDelayedList)
    prvAddCurrentTaskToDelayedList           0x0800233d   Thumb Code   124  tasks.o(i.prvAddCurrentTaskToDelayedList)
    i.prvAddNewTaskToReadyList               0x080023d4   Section        0  tasks.o(i.prvAddNewTaskToReadyList)
    prvAddNewTaskToReadyList                 0x080023d5   Thumb Code   150  tasks.o(i.prvAddNewTaskToReadyList)
    i.prvCheckForValidListAndQueue           0x08002488   Section        0  timers.o(i.prvCheckForValidListAndQueue)
    prvCheckForValidListAndQueue             0x08002489   Thumb Code    56  timers.o(i.prvCheckForValidListAndQueue)
    i.prvCheckTasksWaitingTermination        0x080024d4   Section        0  tasks.o(i.prvCheckTasksWaitingTermination)
    prvCheckTasksWaitingTermination          0x080024d5   Thumb Code    60  tasks.o(i.prvCheckTasksWaitingTermination)
    i.prvCopyDataFromQueue                   0x0800251c   Section        0  queue.o(i.prvCopyDataFromQueue)
    prvCopyDataFromQueue                     0x0800251d   Thumb Code    42  queue.o(i.prvCopyDataFromQueue)
    i.prvCopyDataToQueue                     0x08002546   Section        0  queue.o(i.prvCopyDataToQueue)
    prvCopyDataToQueue                       0x08002547   Thumb Code   126  queue.o(i.prvCopyDataToQueue)
    i.prvDeleteTCB                           0x080025c4   Section        0  tasks.o(i.prvDeleteTCB)
    prvDeleteTCB                             0x080025c5   Thumb Code    18  tasks.o(i.prvDeleteTCB)
    i.prvGetNextExpireTime                   0x080025d8   Section        0  timers.o(i.prvGetNextExpireTime)
    prvGetNextExpireTime                     0x080025d9   Thumb Code    36  timers.o(i.prvGetNextExpireTime)
    i.prvHeapInit                            0x08002600   Section        0  heap_4.o(i.prvHeapInit)
    prvHeapInit                              0x08002601   Thumb Code    98  heap_4.o(i.prvHeapInit)
    i.prvIdleTask                            0x0800267c   Section        0  tasks.o(i.prvIdleTask)
    prvIdleTask                              0x0800267d   Thumb Code    32  tasks.o(i.prvIdleTask)
    i.prvInitialiseNewQueue                  0x080026a4   Section        0  queue.o(i.prvInitialiseNewQueue)
    prvInitialiseNewQueue                    0x080026a5   Thumb Code    38  queue.o(i.prvInitialiseNewQueue)
    i.prvInitialiseNewTask                   0x080026ca   Section        0  tasks.o(i.prvInitialiseNewTask)
    prvInitialiseNewTask                     0x080026cb   Thumb Code   180  tasks.o(i.prvInitialiseNewTask)
    i.prvInitialiseTaskLists                 0x08002780   Section        0  tasks.o(i.prvInitialiseTaskLists)
    prvInitialiseTaskLists                   0x08002781   Thumb Code    70  tasks.o(i.prvInitialiseTaskLists)
    i.prvInsertBlockIntoFreeList             0x080027e8   Section        0  heap_4.o(i.prvInsertBlockIntoFreeList)
    prvInsertBlockIntoFreeList               0x080027e9   Thumb Code    96  heap_4.o(i.prvInsertBlockIntoFreeList)
    i.prvInsertTimerInActiveList             0x08002850   Section        0  timers.o(i.prvInsertTimerInActiveList)
    prvInsertTimerInActiveList               0x08002851   Thumb Code    80  timers.o(i.prvInsertTimerInActiveList)
    i.prvIsQueueEmpty                        0x080028a8   Section        0  queue.o(i.prvIsQueueEmpty)
    prvIsQueueEmpty                          0x080028a9   Thumb Code    26  queue.o(i.prvIsQueueEmpty)
    i.prvIsQueueFull                         0x080028c2   Section        0  queue.o(i.prvIsQueueFull)
    prvIsQueueFull                           0x080028c3   Thumb Code    30  queue.o(i.prvIsQueueFull)
    i.prvProcessExpiredTimer                 0x080028e0   Section        0  timers.o(i.prvProcessExpiredTimer)
    prvProcessExpiredTimer                   0x080028e1   Thumb Code   110  timers.o(i.prvProcessExpiredTimer)
    i.prvProcessReceivedCommands             0x08002954   Section        0  timers.o(i.prvProcessReceivedCommands)
    prvProcessReceivedCommands               0x08002955   Thumb Code   350  timers.o(i.prvProcessReceivedCommands)
    i.prvProcessTimerOrBlockTask             0x08002ab8   Section        0  timers.o(i.prvProcessTimerOrBlockTask)
    prvProcessTimerOrBlockTask               0x08002ab9   Thumb Code   102  timers.o(i.prvProcessTimerOrBlockTask)
    i.prvResetNextTaskUnblockTime            0x08002b2c   Section        0  tasks.o(i.prvResetNextTaskUnblockTime)
    prvResetNextTaskUnblockTime              0x08002b2d   Thumb Code    40  tasks.o(i.prvResetNextTaskUnblockTime)
    i.prvSampleTimeNow                       0x08002b5c   Section        0  timers.o(i.prvSampleTimeNow)
    prvSampleTimeNow                         0x08002b5d   Thumb Code    40  timers.o(i.prvSampleTimeNow)
    i.prvSwitchTimerLists                    0x08002b88   Section        0  timers.o(i.prvSwitchTimerLists)
    prvSwitchTimerLists                      0x08002b89   Thumb Code   154  timers.o(i.prvSwitchTimerLists)
    i.prvTaskExitError                       0x08002c2c   Section        0  port.o(i.prvTaskExitError)
    prvTaskExitError                         0x08002c2d   Thumb Code    60  port.o(i.prvTaskExitError)
    i.prvTimerTask                           0x08002c6c   Section        0  timers.o(i.prvTimerTask)
    prvTimerTask                             0x08002c6d   Thumb Code    26  timers.o(i.prvTimerTask)
    i.prvUnlockQueue                         0x08002c86   Section        0  queue.o(i.prvUnlockQueue)
    prvUnlockQueue                           0x08002c87   Thumb Code   126  queue.o(i.prvUnlockQueue)
    i.pvPortMalloc                           0x08002d04   Section        0  heap_4.o(i.pvPortMalloc)
    i.pxPortInitialiseStack                  0x08002e50   Section        0  port.o(i.pxPortInitialiseStack)
    i.readfromspi                            0x08002e7c   Section        0  deca_spi.o(i.readfromspi)
    i.reset_DW1000                           0x08002ef8   Section        0  deca_port_stm32f405.o(i.reset_DW1000)
    i.sleep_ms                               0x08002f58   Section        0  deca_sleep.o(i.sleep_ms)
    i.spi_set_rate_high                      0x08002f64   Section        0  deca_port_stm32f405.o(i.spi_set_rate_high)
    i.spi_set_rate_low                       0x08002f6e   Section        0  deca_port_stm32f405.o(i.spi_set_rate_low)
    i.start_task                             0x08002f78   Section        0  main.o(i.start_task)
    i.test_task                              0x08002fc8   Section        0  main.o(i.test_task)
    i.usartx_init                            0x080030f8   Section        0  usart_coordinator.o(i.usartx_init)
    i.uxListRemove                           0x080031e4   Section        0  list.o(i.uxListRemove)
    i.vListInitialise                        0x0800320c   Section        0  list.o(i.vListInitialise)
    i.vListInitialiseItem                    0x08003226   Section        0  list.o(i.vListInitialiseItem)
    i.vListInsert                            0x0800322c   Section        0  list.o(i.vListInsert)
    i.vListInsertEnd                         0x08003260   Section        0  list.o(i.vListInsertEnd)
    i.vPortEnterCritical                     0x08003278   Section        0  port.o(i.vPortEnterCritical)
    i.vPortExitCritical                      0x080032cc   Section        0  port.o(i.vPortExitCritical)
    i.vPortFree                              0x08003308   Section        0  heap_4.o(i.vPortFree)
    i.vPortSetupTimerInterrupt               0x080033ac   Section        0  port.o(i.vPortSetupTimerInterrupt)
    i.vPortValidateInterruptPriority         0x080033d4   Section        0  port.o(i.vPortValidateInterruptPriority)
    i.vQueueWaitForMessageRestricted         0x0800344c   Section        0  queue.o(i.vQueueWaitForMessageRestricted)
    i.vTaskDelete                            0x08003498   Section        0  tasks.o(i.vTaskDelete)
    i.vTaskInternalSetTimeOutState           0x0800358c   Section        0  tasks.o(i.vTaskInternalSetTimeOutState)
    i.vTaskMissedYield                       0x080035a4   Section        0  tasks.o(i.vTaskMissedYield)
    i.vTaskPlaceOnEventList                  0x080035b0   Section        0  tasks.o(i.vTaskPlaceOnEventList)
    i.vTaskPlaceOnEventListRestricted        0x080035e8   Section        0  tasks.o(i.vTaskPlaceOnEventListRestricted)
    i.vTaskStartScheduler                    0x08003628   Section        0  tasks.o(i.vTaskStartScheduler)
    i.vTaskSuspendAll                        0x080036bc   Section        0  tasks.o(i.vTaskSuspendAll)
    i.vTaskSwitchContext                     0x080036cc   Section        0  tasks.o(i.vTaskSwitchContext)
    i.writetospi                             0x08003758   Section        0  deca_spi.o(i.writetospi)
    i.xPortStartScheduler                    0x080037d4   Section        0  port.o(i.xPortStartScheduler)
    i.xQueueGenericCreate                    0x08003964   Section        0  queue.o(i.xQueueGenericCreate)
    i.xQueueGenericReset                     0x080039e0   Section        0  queue.o(i.xQueueGenericReset)
    i.xQueueGenericSend                      0x08003a78   Section        0  queue.o(i.xQueueGenericSend)
    i.xQueueGenericSendFromISR               0x08003c20   Section        0  queue.o(i.xQueueGenericSendFromISR)
    i.xQueueReceive                          0x08003d40   Section        0  queue.o(i.xQueueReceive)
    i.xTaskCheckForTimeOut                   0x08003ea8   Section        0  tasks.o(i.xTaskCheckForTimeOut)
    i.xTaskCreate                            0x08003f38   Section        0  tasks.o(i.xTaskCreate)
    i.xTaskGetSchedulerState                 0x08003f98   Section        0  tasks.o(i.xTaskGetSchedulerState)
    i.xTaskGetTickCount                      0x08003fb8   Section        0  tasks.o(i.xTaskGetTickCount)
    i.xTaskIncrementTick                     0x08003fc4   Section        0  tasks.o(i.xTaskIncrementTick)
    i.xTaskPriorityDisinherit                0x0800410c   Section        0  tasks.o(i.xTaskPriorityDisinherit)
    i.xTaskRemoveFromEventList               0x080041c8   Section        0  tasks.o(i.xTaskRemoveFromEventList)
    i.xTaskResumeAll                         0x08004260   Section        0  tasks.o(i.xTaskResumeAll)
    i.xTimerCreateTimerTask                  0x08004364   Section        0  timers.o(i.xTimerCreateTimerTask)
    i.xTimerGenericCommand                   0x080043bc   Section        0  timers.o(i.xTimerGenericCommand)
    .constdata                               0x08004440   Section      174  deca_params_init.o(.constdata)
    .data                                    0x20000000   Section       60  main.o(.data)
    tx_msg                                   0x20000008   Data          21  main.o(.data)
    rx_buffer                                0x2000001d   Data           5  main.o(.data)
    status_reg                               0x20000024   Data           4  main.o(.data)
    frame_len                                0x20000028   Data           2  main.o(.data)
    tx_frame_acked                           0x2000002c   Data           4  main.o(.data)
    tx_frame_nb                              0x20000030   Data           4  main.o(.data)
    tx_frame_ack_nb                          0x20000034   Data           4  main.o(.data)
    tx_frame_retry_nb                        0x20000038   Data           4  main.o(.data)
    .data                                    0x2000003c   Section        5  coordinatorstates.o(.data)
    .data                                    0x20000044   Section        4  delay_tim4.o(.data)
    .data                                    0x20000048   Section        2  usart_coordinator.o(.data)
    .data                                    0x2000004c   Section       12  port.o(.data)
    uxCriticalNesting                        0x2000004c   Data           4  port.o(.data)
    ucMaxSysCallPriority                     0x20000050   Data           1  port.o(.data)
    ulMaxPRIGROUPValue                       0x20000054   Data           4  port.o(.data)
    .data                                    0x20000058   Section       32  heap_4.o(.data)
    xStart                                   0x20000058   Data           8  heap_4.o(.data)
    pxEnd                                    0x20000060   Data           4  heap_4.o(.data)
    xFreeBytesRemaining                      0x20000064   Data           4  heap_4.o(.data)
    xMinimumEverFreeBytesRemaining           0x20000068   Data           4  heap_4.o(.data)
    xNumberOfSuccessfulAllocations           0x2000006c   Data           4  heap_4.o(.data)
    xNumberOfSuccessfulFrees                 0x20000070   Data           4  heap_4.o(.data)
    xBlockAllocatedBit                       0x20000074   Data           4  heap_4.o(.data)
    .data                                    0x20000078   Section       60  tasks.o(.data)
    pxDelayedTaskList                        0x2000007c   Data           4  tasks.o(.data)
    pxOverflowDelayedTaskList                0x20000080   Data           4  tasks.o(.data)
    uxDeletedTasksWaitingCleanUp             0x20000084   Data           4  tasks.o(.data)
    uxCurrentNumberOfTasks                   0x20000088   Data           4  tasks.o(.data)
    xTickCount                               0x2000008c   Data           4  tasks.o(.data)
    uxTopReadyPriority                       0x20000090   Data           4  tasks.o(.data)
    xSchedulerRunning                        0x20000094   Data           4  tasks.o(.data)
    xPendedTicks                             0x20000098   Data           4  tasks.o(.data)
    xYieldPending                            0x2000009c   Data           4  tasks.o(.data)
    xNumOfOverflows                          0x200000a0   Data           4  tasks.o(.data)
    uxTaskNumber                             0x200000a4   Data           4  tasks.o(.data)
    xNextTaskUnblockTime                     0x200000a8   Data           4  tasks.o(.data)
    xIdleTaskHandle                          0x200000ac   Data           4  tasks.o(.data)
    uxSchedulerSuspended                     0x200000b0   Data           4  tasks.o(.data)
    .data                                    0x200000b4   Section       20  timers.o(.data)
    pxCurrentTimerList                       0x200000b4   Data           4  timers.o(.data)
    pxOverflowTimerList                      0x200000b8   Data           4  timers.o(.data)
    xTimerQueue                              0x200000bc   Data           4  timers.o(.data)
    xTimerTaskHandle                         0x200000c0   Data           4  timers.o(.data)
    xLastTime                                0x200000c4   Data           4  timers.o(.data)
    .data                                    0x200000c8   Section       20  dwm1000_api.o(.data)
    uwb_gate_std_config                      0x200000c8   Data          12  dwm1000_api.o(.data)
    status_tx_reg                            0x200000d4   Data           4  dwm1000_api.o(.data)
    status_rx_reg                            0x200000d8   Data           4  dwm1000_api.o(.data)
    .data                                    0x200000dc   Section        4  deca_port_stm32f405.o(.data)
    .data                                    0x200000e0   Section        4  deca_device.o(.data)
    pdw1000local                             0x200000e0   Data           4  deca_device.o(.data)
    .data                                    0x200000e4   Section       20  system_stm32f4xx.o(.data)
    .data                                    0x200000f8   Section       16  stm32f4xx_rcc.o(.data)
    APBAHBPrescTable                         0x200000f8   Data          16  stm32f4xx_rcc.o(.data)
    .data                                    0x20000108   Section        4  stdout.o(.data)
    .bss                                     0x2000010c   Section     1296  usart_coordinator.o(.bss)
    .bss                                     0x2000061c   Section    76800  heap_4.o(.bss)
    ucHeap                                   0x2000061c   Data       76800  heap_4.o(.bss)
    .bss                                     0x2001321c   Section      200  tasks.o(.bss)
    pxReadyTasksLists                        0x2001321c   Data         100  tasks.o(.bss)
    xDelayedTaskList1                        0x20013280   Data          20  tasks.o(.bss)
    xDelayedTaskList2                        0x20013294   Data          20  tasks.o(.bss)
    xPendingReadyList                        0x200132a8   Data          20  tasks.o(.bss)
    xTasksWaitingTermination                 0x200132bc   Data          20  tasks.o(.bss)
    xSuspendedTaskList                       0x200132d0   Data          20  tasks.o(.bss)
    .bss                                     0x200132e4   Section       40  timers.o(.bss)
    xActiveTimerList1                        0x200132e4   Data          20  timers.o(.bss)
    xActiveTimerList2                        0x200132f8   Data          20  timers.o(.bss)
    .bss                                     0x2001330c   Section       56  deca_device.o(.bss)
    dw1000local                              0x2001330c   Data          56  deca_device.o(.bss)
    STACK                                    0x20013348   Section     1024  startup_stm32f40_41xxx.o(STACK)

    Global Symbols

    Symbol Name                              Value     Ov Type        Size  Object(Section)

    BuildAttributes$$THM_ISAv4$E$P$D$K$B$S$7EM$VFPi3$EXTD16$VFPS$VFMA$PE$A:L22UL41UL21$X:L11$S22US41US21$IEEE1$IW$USESV6$~STKCKD$USESV7$~SHL$OTIME$ROPI$EBA8$MICROLIB$REQ8$PRES8$EABIv2 0x00000000   Number         0  anon$$obj.o ABSOLUTE
    __ARM_use_no_argv                        0x00000000   Number         0  main.o ABSOLUTE
    _printf_a                                0x00000000   Number         0  stubs.o ABSOLUTE
    _printf_c                                0x00000000   Number         0  stubs.o ABSOLUTE
    _printf_charcount                        0x00000000   Number         0  stubs.o ABSOLUTE
    _printf_d                                0x00000000   Number         0  stubs.o ABSOLUTE
    _printf_e                                0x00000000   Number         0  stubs.o ABSOLUTE
    _printf_f                                0x00000000   Number         0  stubs.o ABSOLUTE
    _printf_flags                            0x00000000   Number         0  stubs.o ABSOLUTE
    _printf_fp_dec                           0x00000000   Number         0  stubs.o ABSOLUTE
    _printf_fp_hex                           0x00000000   Number         0  stubs.o ABSOLUTE
    _printf_g                                0x00000000   Number         0  stubs.o ABSOLUTE
    _printf_i                                0x00000000   Number         0  stubs.o ABSOLUTE
    _printf_int_dec                          0x00000000   Number         0  stubs.o ABSOLUTE
    _printf_l                                0x00000000   Number         0  stubs.o ABSOLUTE
    _printf_lc                               0x00000000   Number         0  stubs.o ABSOLUTE
    _printf_ll                               0x00000000   Number         0  stubs.o ABSOLUTE
    _printf_lld                              0x00000000   Number         0  stubs.o ABSOLUTE
    _printf_lli                              0x00000000   Number         0  stubs.o ABSOLUTE
    _printf_llo                              0x00000000   Number         0  stubs.o ABSOLUTE
    _printf_llu                              0x00000000   Number         0  stubs.o ABSOLUTE
    _printf_llx                              0x00000000   Number         0  stubs.o ABSOLUTE
    _printf_longlong_dec                     0x00000000   Number         0  stubs.o ABSOLUTE
    _printf_longlong_hex                     0x00000000   Number         0  stubs.o ABSOLUTE
    _printf_longlong_oct                     0x00000000   Number         0  stubs.o ABSOLUTE
    _printf_ls                               0x00000000   Number         0  stubs.o ABSOLUTE
    _printf_mbtowc                           0x00000000   Number         0  stubs.o ABSOLUTE
    _printf_n                                0x00000000   Number         0  stubs.o ABSOLUTE
    _printf_o                                0x00000000   Number         0  stubs.o ABSOLUTE
    _printf_p                                0x00000000   Number         0  stubs.o ABSOLUTE
    _printf_percent                          0x00000000   Number         0  stubs.o ABSOLUTE
    _printf_pre_padding                      0x00000000   Number         0  stubs.o ABSOLUTE
    _printf_return_value                     0x00000000   Number         0  stubs.o ABSOLUTE
    _printf_s                                0x00000000   Number         0  stubs.o ABSOLUTE
    _printf_sizespec                         0x00000000   Number         0  stubs.o ABSOLUTE
    _printf_str                              0x00000000   Number         0  stubs.o ABSOLUTE
    _printf_truncate_signed                  0x00000000   Number         0  stubs.o ABSOLUTE
    _printf_truncate_unsigned                0x00000000   Number         0  stubs.o ABSOLUTE
    _printf_u                                0x00000000   Number         0  stubs.o ABSOLUTE
    _printf_wc                               0x00000000   Number         0  stubs.o ABSOLUTE
    _printf_wctomb                           0x00000000   Number         0  stubs.o ABSOLUTE
    _printf_widthprec                        0x00000000   Number         0  stubs.o ABSOLUTE
    _printf_x                                0x00000000   Number         0  stubs.o ABSOLUTE
    __cpp_initialize__aeabi_                  - Undefined Weak Reference
    __cxa_finalize                            - Undefined Weak Reference
    __decompress                              - Undefined Weak Reference
    _clock_init                               - Undefined Weak Reference
    _microlib_exit                            - Undefined Weak Reference
    __Vectors_Size                           0x00000188   Number         0  startup_stm32f40_41xxx.o ABSOLUTE
    __Vectors                                0x08000000   Data           4  startup_stm32f40_41xxx.o(RESET)
    __Vectors_End                            0x08000188   Data           0  startup_stm32f40_41xxx.o(RESET)
    __main                                   0x08000189   Thumb Code     0  entry.o(.ARM.Collect$$$$00000000)
    _main_stk                                0x08000189   Thumb Code     0  entry2.o(.ARM.Collect$$$$00000001)
    _main_scatterload                        0x0800018d   Thumb Code     0  entry5.o(.ARM.Collect$$$$00000004)
    __main_after_scatterload                 0x08000191   Thumb Code     0  entry5.o(.ARM.Collect$$$$00000004)
    _main_clock                              0x08000191   Thumb Code     0  entry7b.o(.ARM.Collect$$$$00000008)
    _main_cpp_init                           0x08000191   Thumb Code     0  entry8b.o(.ARM.Collect$$$$0000000A)
    _main_init                               0x08000191   Thumb Code     0  entry9a.o(.ARM.Collect$$$$0000000B)
    __rt_final_cpp                           0x08000199   Thumb Code     0  entry10a.o(.ARM.Collect$$$$0000000D)
    __rt_final_exit                          0x08000199   Thumb Code     0  entry11a.o(.ARM.Collect$$$$0000000F)
    SVC_Handler                              0x0800019d   Thumb Code    28  port.o(.emb_text)
    __asm___6_port_c_39a90d8d__prvStartFirstTask 0x080001bd   Thumb Code    36  port.o(.emb_text)
    __asm___6_port_c_39a90d8d__prvEnableVFP  0x080001e5   Thumb Code    16  port.o(.emb_text)
    PendSV_Handler                           0x080001f9   Thumb Code    88  port.o(.emb_text)
    vPortGetIPSR                             0x08000255   Thumb Code     6  port.o(.emb_text)
    Reset_Handler                            0x0800025d   Thumb Code     8  startup_stm32f40_41xxx.o(.text)
    ADC_IRQHandler                           0x08000277   Thumb Code     0  startup_stm32f40_41xxx.o(.text)
    CAN1_RX0_IRQHandler                      0x08000277   Thumb Code     0  startup_stm32f40_41xxx.o(.text)
    CAN1_RX1_IRQHandler                      0x08000277   Thumb Code     0  startup_stm32f40_41xxx.o(.text)
    CAN1_SCE_IRQHandler                      0x08000277   Thumb Code     0  startup_stm32f40_41xxx.o(.text)
    CAN1_TX_IRQHandler                       0x08000277   Thumb Code     0  startup_stm32f40_41xxx.o(.text)
    CAN2_RX0_IRQHandler                      0x08000277   Thumb Code     0  startup_stm32f40_41xxx.o(.text)
    CAN2_RX1_IRQHandler                      0x08000277   Thumb Code     0  startup_stm32f40_41xxx.o(.text)
    CAN2_SCE_IRQHandler                      0x08000277   Thumb Code     0  startup_stm32f40_41xxx.o(.text)
    CAN2_TX_IRQHandler                       0x08000277   Thumb Code     0  startup_stm32f40_41xxx.o(.text)
    CRYP_IRQHandler                          0x08000277   Thumb Code     0  startup_stm32f40_41xxx.o(.text)
    DCMI_IRQHandler                          0x08000277   Thumb Code     0  startup_stm32f40_41xxx.o(.text)
    DMA1_Stream0_IRQHandler                  0x08000277   Thumb Code     0  startup_stm32f40_41xxx.o(.text)
    DMA1_Stream1_IRQHandler                  0x08000277   Thumb Code     0  startup_stm32f40_41xxx.o(.text)
    DMA1_Stream2_IRQHandler                  0x08000277   Thumb Code     0  startup_stm32f40_41xxx.o(.text)
    DMA1_Stream3_IRQHandler                  0x08000277   Thumb Code     0  startup_stm32f40_41xxx.o(.text)
    DMA1_Stream4_IRQHandler                  0x08000277   Thumb Code     0  startup_stm32f40_41xxx.o(.text)
    DMA1_Stream5_IRQHandler                  0x08000277   Thumb Code     0  startup_stm32f40_41xxx.o(.text)
    DMA1_Stream6_IRQHandler                  0x08000277   Thumb Code     0  startup_stm32f40_41xxx.o(.text)
    DMA1_Stream7_IRQHandler                  0x08000277   Thumb Code     0  startup_stm32f40_41xxx.o(.text)
    DMA2_Stream0_IRQHandler                  0x08000277   Thumb Code     0  startup_stm32f40_41xxx.o(.text)
    DMA2_Stream1_IRQHandler                  0x08000277   Thumb Code     0  startup_stm32f40_41xxx.o(.text)
    DMA2_Stream2_IRQHandler                  0x08000277   Thumb Code     0  startup_stm32f40_41xxx.o(.text)
    DMA2_Stream3_IRQHandler                  0x08000277   Thumb Code     0  startup_stm32f40_41xxx.o(.text)
    DMA2_Stream4_IRQHandler                  0x08000277   Thumb Code     0  startup_stm32f40_41xxx.o(.text)
    DMA2_Stream5_IRQHandler                  0x08000277   Thumb Code     0  startup_stm32f40_41xxx.o(.text)
    DMA2_Stream6_IRQHandler                  0x08000277   Thumb Code     0  startup_stm32f40_41xxx.o(.text)
    DMA2_Stream7_IRQHandler                  0x08000277   Thumb Code     0  startup_stm32f40_41xxx.o(.text)
    ETH_IRQHandler                           0x08000277   Thumb Code     0  startup_stm32f40_41xxx.o(.text)
    ETH_WKUP_IRQHandler                      0x08000277   Thumb Code     0  startup_stm32f40_41xxx.o(.text)
    EXTI15_10_IRQHandler                     0x08000277   Thumb Code     0  startup_stm32f40_41xxx.o(.text)
    EXTI1_IRQHandler                         0x08000277   Thumb Code     0  startup_stm32f40_41xxx.o(.text)
    EXTI2_IRQHandler                         0x08000277   Thumb Code     0  startup_stm32f40_41xxx.o(.text)
    EXTI3_IRQHandler                         0x08000277   Thumb Code     0  startup_stm32f40_41xxx.o(.text)
    EXTI4_IRQHandler                         0x08000277   Thumb Code     0  startup_stm32f40_41xxx.o(.text)
    EXTI9_5_IRQHandler                       0x08000277   Thumb Code     0  startup_stm32f40_41xxx.o(.text)
    FLASH_IRQHandler                         0x08000277   Thumb Code     0  startup_stm32f40_41xxx.o(.text)
    FPU_IRQHandler                           0x08000277   Thumb Code     0  startup_stm32f40_41xxx.o(.text)
    FSMC_IRQHandler                          0x08000277   Thumb Code     0  startup_stm32f40_41xxx.o(.text)
    HASH_RNG_IRQHandler                      0x08000277   Thumb Code     0  startup_stm32f40_41xxx.o(.text)
    I2C1_ER_IRQHandler                       0x08000277   Thumb Code     0  startup_stm32f40_41xxx.o(.text)
    I2C1_EV_IRQHandler                       0x08000277   Thumb Code     0  startup_stm32f40_41xxx.o(.text)
    I2C2_ER_IRQHandler                       0x08000277   Thumb Code     0  startup_stm32f40_41xxx.o(.text)
    I2C2_EV_IRQHandler                       0x08000277   Thumb Code     0  startup_stm32f40_41xxx.o(.text)
    I2C3_ER_IRQHandler                       0x08000277   Thumb Code     0  startup_stm32f40_41xxx.o(.text)
    I2C3_EV_IRQHandler                       0x08000277   Thumb Code     0  startup_stm32f40_41xxx.o(.text)
    OTG_FS_IRQHandler                        0x08000277   Thumb Code     0  startup_stm32f40_41xxx.o(.text)
    OTG_FS_WKUP_IRQHandler                   0x08000277   Thumb Code     0  startup_stm32f40_41xxx.o(.text)
    OTG_HS_EP1_IN_IRQHandler                 0x08000277   Thumb Code     0  startup_stm32f40_41xxx.o(.text)
    OTG_HS_EP1_OUT_IRQHandler                0x08000277   Thumb Code     0  startup_stm32f40_41xxx.o(.text)
    OTG_HS_IRQHandler                        0x08000277   Thumb Code     0  startup_stm32f40_41xxx.o(.text)
    OTG_HS_WKUP_IRQHandler                   0x08000277   Thumb Code     0  startup_stm32f40_41xxx.o(.text)
    PVD_IRQHandler                           0x08000277   Thumb Code     0  startup_stm32f40_41xxx.o(.text)
    RCC_IRQHandler                           0x08000277   Thumb Code     0  startup_stm32f40_41xxx.o(.text)
    RTC_Alarm_IRQHandler                     0x08000277   Thumb Code     0  startup_stm32f40_41xxx.o(.text)
    RTC_WKUP_IRQHandler                      0x08000277   Thumb Code     0  startup_stm32f40_41xxx.o(.text)
    SDIO_IRQHandler                          0x08000277   Thumb Code     0  startup_stm32f40_41xxx.o(.text)
    SPI1_IRQHandler                          0x08000277   Thumb Code     0  startup_stm32f40_41xxx.o(.text)
    SPI2_IRQHandler                          0x08000277   Thumb Code     0  startup_stm32f40_41xxx.o(.text)
    SPI3_IRQHandler                          0x08000277   Thumb Code     0  startup_stm32f40_41xxx.o(.text)
    TAMP_STAMP_IRQHandler                    0x08000277   Thumb Code     0  startup_stm32f40_41xxx.o(.text)
    TIM1_BRK_TIM9_IRQHandler                 0x08000277   Thumb Code     0  startup_stm32f40_41xxx.o(.text)
    TIM1_CC_IRQHandler                       0x08000277   Thumb Code     0  startup_stm32f40_41xxx.o(.text)
    TIM1_TRG_COM_TIM11_IRQHandler            0x08000277   Thumb Code     0  startup_stm32f40_41xxx.o(.text)
    TIM1_UP_TIM10_IRQHandler                 0x08000277   Thumb Code     0  startup_stm32f40_41xxx.o(.text)
    TIM2_IRQHandler                          0x08000277   Thumb Code     0  startup_stm32f40_41xxx.o(.text)
    TIM3_IRQHandler                          0x08000277   Thumb Code     0  startup_stm32f40_41xxx.o(.text)
    TIM5_IRQHandler                          0x08000277   Thumb Code     0  startup_stm32f40_41xxx.o(.text)
    TIM6_DAC_IRQHandler                      0x08000277   Thumb Code     0  startup_stm32f40_41xxx.o(.text)
    TIM7_IRQHandler                          0x08000277   Thumb Code     0  startup_stm32f40_41xxx.o(.text)
    TIM8_BRK_TIM12_IRQHandler                0x08000277   Thumb Code     0  startup_stm32f40_41xxx.o(.text)
    TIM8_CC_IRQHandler                       0x08000277   Thumb Code     0  startup_stm32f40_41xxx.o(.text)
    TIM8_TRG_COM_TIM14_IRQHandler            0x08000277   Thumb Code     0  startup_stm32f40_41xxx.o(.text)
    TIM8_UP_TIM13_IRQHandler                 0x08000277   Thumb Code     0  startup_stm32f40_41xxx.o(.text)
    UART4_IRQHandler                         0x08000277   Thumb Code     0  startup_stm32f40_41xxx.o(.text)
    UART5_IRQHandler                         0x08000277   Thumb Code     0  startup_stm32f40_41xxx.o(.text)
    USART2_IRQHandler                        0x08000277   Thumb Code     0  startup_stm32f40_41xxx.o(.text)
    USART3_IRQHandler                        0x08000277   Thumb Code     0  startup_stm32f40_41xxx.o(.text)
    USART6_IRQHandler                        0x08000277   Thumb Code     0  startup_stm32f40_41xxx.o(.text)
    WWDG_IRQHandler                          0x08000277   Thumb Code     0  startup_stm32f40_41xxx.o(.text)
    __aeabi_memcpy                           0x08000281   Thumb Code    36  memcpya.o(.text)
    __aeabi_memcpy4                          0x08000281   Thumb Code     0  memcpya.o(.text)
    __aeabi_memcpy8                          0x08000281   Thumb Code     0  memcpya.o(.text)
    __aeabi_uldivmod                         0x080002a5   Thumb Code    98  uldiv.o(.text)
    __aeabi_llsl                             0x08000307   Thumb Code    30  llshl.o(.text)
    _ll_shift_l                              0x08000307   Thumb Code     0  llshl.o(.text)
    __aeabi_llsr                             0x08000325   Thumb Code    32  llushr.o(.text)
    _ll_ushift_r                             0x08000325   Thumb Code     0  llushr.o(.text)
    __scatterload                            0x08000345   Thumb Code    28  init.o(.text)
    __scatterload_rt2                        0x08000345   Thumb Code     0  init.o(.text)
    BusFault_Handler                         0x08000369   Thumb Code     4  stm32f4xx_it.o(i.BusFault_Handler)
    DECAIRQ_Configuration                    0x0800036d   Thumb Code   114  deca_port_stm32f405.o(i.DECAIRQ_Configuration)
    DECA_SPIMODESET                          0x080003e5   Thumb Code   112  deca_port_stm32f405.o(i.DECA_SPIMODESET)
    DECA_WAKEUPSET                           0x0800045d   Thumb Code    54  deca_port_stm32f405.o(i.DECA_WAKEUPSET)
    DMA_ClearFlag                            0x08000499   Thumb Code    38  stm32f4xx_dma.o(i.DMA_ClearFlag)
    DMA_Cmd                                  0x080004cd   Thumb Code    22  stm32f4xx_dma.o(i.DMA_Cmd)
    DMA_DeInit                               0x080004e5   Thumb Code   324  stm32f4xx_dma.o(i.DMA_DeInit)
    DMA_GetCmdStatus                         0x0800063d   Thumb Code    20  stm32f4xx_dma.o(i.DMA_GetCmdStatus)
    DMA_ITConfig                             0x08000651   Thumb Code    58  stm32f4xx_dma.o(i.DMA_ITConfig)
    DMA_Init                                 0x0800068d   Thumb Code    82  stm32f4xx_dma.o(i.DMA_Init)
    DebugMon_Handler                         0x080006e5   Thumb Code     2  stm32f4xx_it.o(i.DebugMon_Handler)
    EXTI0_IRQHandler                         0x080006e9   Thumb Code    30  dwm1000_api.o(i.EXTI0_IRQHandler)
    EXTI_ClearITPendingBit                   0x08000711   Thumb Code     6  stm32f4xx_exti.o(i.EXTI_ClearITPendingBit)
    EXTI_GetITEnStatus                       0x0800071d   Thumb Code    24  deca_port_stm32f405.o(i.EXTI_GetITEnStatus)
    EXTI_Init                                0x08000739   Thumb Code   142  stm32f4xx_exti.o(i.EXTI_Init)
    GPIO_Init                                0x080007cd   Thumb Code   144  stm32f4xx_gpio.o(i.GPIO_Init)
    GPIO_PinAFConfig                         0x0800085d   Thumb Code    70  stm32f4xx_gpio.o(i.GPIO_PinAFConfig)
    GPIO_ReadInputDataBit                    0x080008a3   Thumb Code    18  stm32f4xx_gpio.o(i.GPIO_ReadInputDataBit)
    GPIO_ResetBits                           0x080008b5   Thumb Code     4  stm32f4xx_gpio.o(i.GPIO_ResetBits)
    GPIO_SetBits                             0x080008b9   Thumb Code     4  stm32f4xx_gpio.o(i.GPIO_SetBits)
    HardFault_Handler                        0x080008bd   Thumb Code     4  stm32f4xx_it.o(i.HardFault_Handler)
    HostCmd_Process                          0x080008c1   Thumb Code    84  wsn_hostcmd.o(i.HostCmd_Process)
    MemManage_Handler                        0x080009c9   Thumb Code     4  stm32f4xx_it.o(i.MemManage_Handler)
    NMI_Handler                              0x080009cd   Thumb Code     2  stm32f4xx_it.o(i.NMI_Handler)
    NVIC_Init                                0x080009d1   Thumb Code   106  misc.o(i.NVIC_Init)
    NVIC_PriorityGroupConfig                 0x08000a49   Thumb Code    10  misc.o(i.NVIC_PriorityGroupConfig)
    RCC_AHB1PeriphClockCmd                   0x08000a5d   Thumb Code    26  stm32f4xx_rcc.o(i.RCC_AHB1PeriphClockCmd)
    RCC_APB1PeriphClockCmd                   0x08000a7d   Thumb Code    26  stm32f4xx_rcc.o(i.RCC_APB1PeriphClockCmd)
    RCC_APB2PeriphClockCmd                   0x08000a9d   Thumb Code    26  stm32f4xx_rcc.o(i.RCC_APB2PeriphClockCmd)
    RCC_APB2PeriphResetCmd                   0x08000abd   Thumb Code    26  stm32f4xx_rcc.o(i.RCC_APB2PeriphResetCmd)
    RCC_GetClocksFreq                        0x08000add   Thumb Code   214  stm32f4xx_rcc.o(i.RCC_GetClocksFreq)
    SPI1_Configuration                       0x08000bc5   Thumb Code   234  deca_port_stm32f405.o(i.SPI1_Configuration)
    SPI_ChangeRate                           0x08000cb9   Thumb Code    22  deca_port_stm32f405.o(i.SPI_ChangeRate)
    SPI_Cmd                                  0x08000cd5   Thumb Code    24  stm32f4xx_spi.o(i.SPI_Cmd)
    SPI_Init                                 0x08000ced   Thumb Code    60  stm32f4xx_spi.o(i.SPI_Init)
    SYSCFG_EXTILineConfig                    0x08000d29   Thumb Code    60  stm32f4xx_syscfg.o(i.SYSCFG_EXTILineConfig)
    SysTick_Handler                          0x08000e55   Thumb Code    46  port.o(i.SysTick_Handler)
    SystemInit                               0x08000e89   Thumb Code    88  system_stm32f4xx.o(i.SystemInit)
    TIM4_IRQHandler                          0x08000ef1   Thumb Code    40  delay_tim4.o(i.TIM4_IRQHandler)
    TIM4_Init                                0x08000f21   Thumb Code    86  delay_tim4.o(i.TIM4_Init)
    TIM_ClearITPendingBit                    0x08000f7d   Thumb Code     6  stm32f4xx_tim.o(i.TIM_ClearITPendingBit)
    TIM_Cmd                                  0x08000f83   Thumb Code    24  stm32f4xx_tim.o(i.TIM_Cmd)
    TIM_GetITStatus                          0x08000f9b   Thumb Code    34  stm32f4xx_tim.o(i.TIM_GetITStatus)
    TIM_ITConfig                             0x08000fbd   Thumb Code    18  stm32f4xx_tim.o(i.TIM_ITConfig)
    TIM_TimeBaseInit                         0x08000fd1   Thumb Code   104  stm32f4xx_tim.o(i.TIM_TimeBaseInit)
    Timedelay_tim4_init                      0x08001055   Thumb Code    22  delay_tim4.o(i.Timedelay_tim4_init)
    Timedelay_tim4_ms                        0x08001071   Thumb Code    36  delay_tim4.o(i.Timedelay_tim4_ms)
    UART_CoordSelfNetform                    0x0800109d   Thumb Code    46  wsn_hostcmd.o(i.UART_CoordSelfNetform)
    USART1_IRQHandler                        0x080010d1   Thumb Code   246  usart_coordinator.o(i.USART1_IRQHandler)
    USART_ClearFlag                          0x0800120d   Thumb Code    18  stm32f4xx_usart.o(i.USART_ClearFlag)
    USART_Cmd                                0x0800121f   Thumb Code    24  stm32f4xx_usart.o(i.USART_Cmd)
    USART_DMACmd                             0x08001237   Thumb Code    18  stm32f4xx_usart.o(i.USART_DMACmd)
    USART_GetITStatus                        0x08001249   Thumb Code    84  stm32f4xx_usart.o(i.USART_GetITStatus)
    USART_ITConfig                           0x0800129d   Thumb Code    74  stm32f4xx_usart.o(i.USART_ITConfig)
    USART_Init                               0x080012e9   Thumb Code   204  stm32f4xx_usart.o(i.USART_Init)
    USARTx_DMA_RX_Config                     0x080013bd   Thumb Code   120  usart_coordinator.o(i.USARTx_DMA_RX_Config)
    USARTx_DMA_TX_Config                     0x08001441   Thumb Code   112  usart_coordinator.o(i.USARTx_DMA_TX_Config)
    UsageFault_Handler                       0x080014bd   Thumb Code     4  stm32f4xx_it.o(i.UsageFault_Handler)
    __0printf$5                              0x080014c1   Thumb Code    22  printf5.o(i.__0printf$5)
    __1printf$5                              0x080014c1   Thumb Code     0  printf5.o(i.__0printf$5)
    __2printf                                0x080014c1   Thumb Code     0  printf5.o(i.__0printf$5)
    __scatterload_copy                       0x080014e1   Thumb Code    14  handlers.o(i.__scatterload_copy)
    __scatterload_null                       0x080014ef   Thumb Code     2  handlers.o(i.__scatterload_null)
    __scatterload_zeroinit                   0x080014f1   Thumb Code    14  handlers.o(i.__scatterload_zeroinit)
    _dwt_aonarrayupload                      0x080014ff   Thumb Code    24  deca_device.o(i._dwt_aonarrayupload)
    _dwt_configlde                           0x08001517   Thumb Code    50  deca_device.o(i._dwt_configlde)
    _dwt_disablesequencing                   0x08001549   Thumb Code    20  deca_device.o(i._dwt_disablesequencing)
    _dwt_enableclocks                        0x0800155d   Thumb Code   244  deca_device.o(i._dwt_enableclocks)
    _dwt_loaducodefromrom                    0x08001651   Thumb Code    34  deca_device.o(i._dwt_loaducodefromrom)
    _dwt_otpread                             0x08001673   Thumb Code    48  deca_device.o(i._dwt_otpread)
    deca_sleep                               0x08001965   Thumb Code    12  deca_sleep.o(i.deca_sleep)
    decamutexoff                             0x08001971   Thumb Code    28  deca_mutex.o(i.decamutexoff)
    decamutexon                              0x0800198d   Thumb Code    34  deca_mutex.o(i.decamutexon)
    dwm1000_init                             0x080019b5   Thumb Code    84  dwm1000_api.o(i.dwm1000_init)
    dwt_configure                            0x08001a51   Thumb Code   550  deca_device.o(i.dwt_configure)
    dwt_initialise                           0x08001ca9   Thumb Code   508  deca_device.o(i.dwt_initialise)
    dwt_read16bitoffsetreg                   0x08001ead   Thumb Code    38  deca_device.o(i.dwt_read16bitoffsetreg)
    dwt_read32bitoffsetreg                   0x08001ed3   Thumb Code    42  deca_device.o(i.dwt_read32bitoffsetreg)
    dwt_read8bitoffsetreg                    0x08001efd   Thumb Code    24  deca_device.o(i.dwt_read8bitoffsetreg)
    dwt_readdevid                            0x08001f15   Thumb Code    12  deca_device.o(i.dwt_readdevid)
    dwt_readfromdevice                       0x08001f21   Thumb Code   100  deca_device.o(i.dwt_readfromdevice)
    dwt_readrxdata                           0x08001f85   Thumb Code    22  deca_device.o(i.dwt_readrxdata)
    dwt_setleds                              0x08001f9b   Thumb Code   136  deca_device.o(i.dwt_setleds)
    dwt_setrxaftertxdelay                    0x08002023   Thumb Code    36  deca_device.o(i.dwt_setrxaftertxdelay)
    dwt_setrxtimeout                         0x08002049   Thumb Code    92  deca_device.o(i.dwt_setrxtimeout)
    dwt_setxtaltrim                          0x080020a9   Thumb Code    24  deca_device.o(i.dwt_setxtaltrim)
    dwt_softreset                            0x080020c1   Thumb Code    66  deca_device.o(i.dwt_softreset)
    dwt_starttx                              0x08002109   Thumb Code   104  deca_device.o(i.dwt_starttx)
    dwt_write16bitoffsetreg                  0x08002175   Thumb Code    34  deca_device.o(i.dwt_write16bitoffsetreg)
    dwt_write32bitoffsetreg                  0x08002197   Thumb Code    40  deca_device.o(i.dwt_write32bitoffsetreg)
    dwt_write8bitoffsetreg                   0x080021bf   Thumb Code    20  deca_device.o(i.dwt_write8bitoffsetreg)
    dwt_writetodevice                        0x080021d3   Thumb Code   104  deca_device.o(i.dwt_writetodevice)
    dwt_writetxdata                          0x0800223b   Thumb Code    38  deca_device.o(i.dwt_writetxdata)
    dwt_writetxfctrl                         0x08002261   Thumb Code    40  deca_device.o(i.dwt_writetxfctrl)
    fputc                                    0x0800228d   Thumb Code    22  usart_coordinator.o(i.fputc)
    main                                     0x080022a9   Thumb Code    70  main.o(i.main)
    pvPortMalloc                             0x08002d05   Thumb Code   306  heap_4.o(i.pvPortMalloc)
    pxPortInitialiseStack                    0x08002e51   Thumb Code    38  port.o(i.pxPortInitialiseStack)
    readfromspi                              0x08002e7d   Thumb Code   116  deca_spi.o(i.readfromspi)
    reset_DW1000                             0x08002ef9   Thumb Code    90  deca_port_stm32f405.o(i.reset_DW1000)
    sleep_ms                                 0x08002f59   Thumb Code    12  deca_sleep.o(i.sleep_ms)
    spi_set_rate_high                        0x08002f65   Thumb Code    10  deca_port_stm32f405.o(i.spi_set_rate_high)
    spi_set_rate_low                         0x08002f6f   Thumb Code    10  deca_port_stm32f405.o(i.spi_set_rate_low)
    start_task                               0x08002f79   Thumb Code    46  main.o(i.start_task)
    test_task                                0x08002fc9   Thumb Code   246  main.o(i.test_task)
    usartx_init                              0x080030f9   Thumb Code   220  usart_coordinator.o(i.usartx_init)
    uxListRemove                             0x080031e5   Thumb Code    40  list.o(i.uxListRemove)
    vListInitialise                          0x0800320d   Thumb Code    26  list.o(i.vListInitialise)
    vListInitialiseItem                      0x08003227   Thumb Code     6  list.o(i.vListInitialiseItem)
    vListInsert                              0x0800322d   Thumb Code    52  list.o(i.vListInsert)
    vListInsertEnd                           0x08003261   Thumb Code    24  list.o(i.vListInsertEnd)
    vPortEnterCritical                       0x08003279   Thumb Code    76  port.o(i.vPortEnterCritical)
    vPortExitCritical                        0x080032cd   Thumb Code    56  port.o(i.vPortExitCritical)
    vPortFree                                0x08003309   Thumb Code   150  heap_4.o(i.vPortFree)
    vPortSetupTimerInterrupt                 0x080033ad   Thumb Code    36  port.o(i.vPortSetupTimerInterrupt)
    vPortValidateInterruptPriority           0x080033d5   Thumb Code   106  port.o(i.vPortValidateInterruptPriority)
    vQueueWaitForMessageRestricted           0x0800344d   Thumb Code    74  queue.o(i.vQueueWaitForMessageRestricted)
    vTaskDelete                              0x08003499   Thumb Code   202  tasks.o(i.vTaskDelete)
    vTaskInternalSetTimeOutState             0x0800358d   Thumb Code    14  tasks.o(i.vTaskInternalSetTimeOutState)
    vTaskMissedYield                         0x080035a5   Thumb Code     8  tasks.o(i.vTaskMissedYield)
    vTaskPlaceOnEventList                    0x080035b1   Thumb Code    52  tasks.o(i.vTaskPlaceOnEventList)
    vTaskPlaceOnEventListRestricted          0x080035e9   Thumb Code    60  tasks.o(i.vTaskPlaceOnEventListRestricted)
    vTaskStartScheduler                      0x08003629   Thumb Code   118  tasks.o(i.vTaskStartScheduler)
    vTaskSuspendAll                          0x080036bd   Thumb Code    12  tasks.o(i.vTaskSuspendAll)
    vTaskSwitchContext                       0x080036cd   Thumb Code   118  tasks.o(i.vTaskSwitchContext)
    writetospi                               0x08003759   Thumb Code   114  deca_spi.o(i.writetospi)
    xPortStartScheduler                      0x080037d5   Thumb Code   372  port.o(i.xPortStartScheduler)
    xQueueGenericCreate                      0x08003965   Thumb Code   124  queue.o(i.xQueueGenericCreate)
    xQueueGenericReset                       0x080039e1   Thumb Code   146  queue.o(i.xQueueGenericReset)
    xQueueGenericSend                        0x08003a79   Thumb Code   420  queue.o(i.xQueueGenericSend)
    xQueueGenericSendFromISR                 0x08003c21   Thumb Code   288  queue.o(i.xQueueGenericSendFromISR)
    xQueueReceive                            0x08003d41   Thumb Code   356  queue.o(i.xQueueReceive)
    xTaskCheckForTimeOut                     0x08003ea9   Thumb Code   136  tasks.o(i.xTaskCheckForTimeOut)
    xTaskCreate                              0x08003f39   Thumb Code    96  tasks.o(i.xTaskCreate)
    xTaskGetSchedulerState                   0x08003f99   Thumb Code    24  tasks.o(i.xTaskGetSchedulerState)
    xTaskGetTickCount                        0x08003fb9   Thumb Code     6  tasks.o(i.xTaskGetTickCount)
    xTaskIncrementTick                       0x08003fc5   Thumb Code   282  tasks.o(i.xTaskIncrementTick)
    xTaskPriorityDisinherit                  0x0800410d   Thumb Code   174  tasks.o(i.xTaskPriorityDisinherit)
    xTaskRemoveFromEventList                 0x080041c9   Thumb Code   128  tasks.o(i.xTaskRemoveFromEventList)
    xTaskResumeAll                           0x08004261   Thumb Code   224  tasks.o(i.xTaskResumeAll)
    xTimerCreateTimerTask                    0x08004365   Thumb Code    66  timers.o(i.xTimerCreateTimerTask)
    xTimerGenericCommand                     0x080043bd   Thumb Code   128  timers.o(i.xTimerGenericCommand)
    chan_idx                                 0x08004440   Data           8  deca_params_init.o(.constdata)
    tx_config                                0x08004448   Data          24  deca_params_init.o(.constdata)
    fs_pll_cfg                               0x08004460   Data          24  deca_params_init.o(.constdata)
    fs_pll_tune                              0x08004478   Data           6  deca_params_init.o(.constdata)
    rx_config                                0x0800447e   Data           2  deca_params_init.o(.constdata)
    agc_config                               0x08004480   Data           8  deca_params_init.o(.constdata)
    dwnsSFDlen                               0x08004488   Data           3  deca_params_init.o(.constdata)
    sftsh                                    0x0800448c   Data          12  deca_params_init.o(.constdata)
    dtune1                                   0x08004498   Data           4  deca_params_init.o(.constdata)
    digital_bb_config                        0x0800449c   Data          32  deca_params_init.o(.constdata)
    lde_replicaCoeff                         0x080044bc   Data          50  deca_params_init.o(.constdata)
    Region$$Table$$Base                      0x080044f0   Number         0  anon$$obj.o(Region$$Table)
    Region$$Table$$Limit                     0x08004510   Number         0  anon$$obj.o(Region$$Table)
    StartTask_Handler                        0x20000000   Data           4  main.o(.data)
    TESTTask_Handler                         0x20000004   Data           4  main.o(.data)
    CoordStatesPara                          0x2000003c   Data           5  coordinatorstates.o(.data)
    Timedelay_tim4                           0x20000044   Data           4  delay_tim4.o(.data)
    DATALEN                                  0x20000048   Data           2  usart_coordinator.o(.data)
    pxCurrentTCB                             0x20000078   Data           4  tasks.o(.data)
    port_deca_isr                            0x200000dc   Data           4  deca_port_stm32f405.o(.data)
    SystemCoreClock                          0x200000e4   Data           4  system_stm32f4xx.o(.data)
    AHBPrescTable                            0x200000e8   Data          16  system_stm32f4xx.o(.data)
    __stdout                                 0x20000108   Data           4  stdout.o(.data)
    USARTDMA_RX_BUFF                         0x2000010c   Data         128  usart_coordinator.o(.bss)
    USARTDMA_TX_BUFF                         0x2000018c   Data        1024  usart_coordinator.o(.bss)
    UartRxDataPara                           0x2000058c   Data          16  usart_coordinator.o(.bss)
    uart_DataBuffer                          0x2000059c   Data         128  usart_coordinator.o(.bss)
    __initial_sp                             0x20013748   Data           0  startup_stm32f40_41xxx.o(STACK)



==============================================================================

Memory Map of the image

  Image Entry point : 0x08000189

  Load Region LR_IROM1 (Base: 0x08000000, Size: 0x0000461c, Max: 0x00100000, ABSOLUTE)

    Execution Region ER_IROM1 (Base: 0x08000000, Size: 0x00004510, Max: 0x00100000, ABSOLUTE)

    Base Addr    Size         Type   Attr      Idx    E Section Name        Object

    0x08000000   0x00000188   Data   RO         2572    RESET               startup_stm32f40_41xxx.o
    0x08000188   0x00000000   Code   RO         4542  * .ARM.Collect$$$$00000000  mc_w.l(entry.o)
    0x08000188   0x00000004   Code   RO         4828    .ARM.Collect$$$$00000001  mc_w.l(entry2.o)
    0x0800018c   0x00000004   Code   RO         4831    .ARM.Collect$$$$00000004  mc_w.l(entry5.o)
    0x08000190   0x00000000   Code   RO         4833    .ARM.Collect$$$$00000008  mc_w.l(entry7b.o)
    0x08000190   0x00000000   Code   RO         4835    .ARM.Collect$$$$0000000A  mc_w.l(entry8b.o)
    0x08000190   0x00000008   Code   RO         4836    .ARM.Collect$$$$0000000B  mc_w.l(entry9a.o)
    0x08000198   0x00000000   Code   RO         4838    .ARM.Collect$$$$0000000D  mc_w.l(entry10a.o)
    0x08000198   0x00000000   Code   RO         4840    .ARM.Collect$$$$0000000F  mc_w.l(entry11a.o)
    0x08000198   0x00000004   Code   RO         4829    .ARM.Collect$$$$00002712  mc_w.l(entry2.o)
    0x0800019c   0x000000be   Code   RO          466    .emb_text           port.o
    0x0800025a   0x00000002   PAD
    0x0800025c   0x00000024   Code   RO         2573    .text               startup_stm32f40_41xxx.o
    0x08000280   0x00000024   Code   RO         4545    .text               mc_w.l(memcpya.o)
    0x080002a4   0x00000062   Code   RO         4845    .text               mc_w.l(uldiv.o)
    0x08000306   0x0000001e   Code   RO         4847    .text               mc_w.l(llshl.o)
    0x08000324   0x00000020   Code   RO         4849    .text               mc_w.l(llushr.o)
    0x08000344   0x00000024   Code   RO         4864    .text               mc_w.l(init.o)
    0x08000368   0x00000004   Code   RO          184    i.BusFault_Handler  stm32f4xx_it.o
    0x0800036c   0x00000078   Code   RO         1664    i.DECAIRQ_Configuration  deca_port_stm32f405.o
    0x080003e4   0x00000078   Code   RO         1665    i.DECA_SPIMODESET   deca_port_stm32f405.o
    0x0800045c   0x0000003c   Code   RO         1667    i.DECA_WAKEUPSET    deca_port_stm32f405.o
    0x08000498   0x00000034   Code   RO         2696    i.DMA_ClearFlag     stm32f4xx_dma.o
    0x080004cc   0x00000016   Code   RO         2698    i.DMA_Cmd           stm32f4xx_dma.o
    0x080004e2   0x00000002   PAD
    0x080004e4   0x00000158   Code   RO         2699    i.DMA_DeInit        stm32f4xx_dma.o
    0x0800063c   0x00000014   Code   RO         2703    i.DMA_GetCmdStatus  stm32f4xx_dma.o
    0x08000650   0x0000003a   Code   RO         2709    i.DMA_ITConfig      stm32f4xx_dma.o
    0x0800068a   0x00000002   PAD
    0x0800068c   0x00000058   Code   RO         2710    i.DMA_Init          stm32f4xx_dma.o
    0x080006e4   0x00000002   Code   RO          185    i.DebugMon_Handler  stm32f4xx_it.o
    0x080006e6   0x00000002   PAD
    0x080006e8   0x00000028   Code   RO         1618    i.EXTI0_IRQHandler  dwm1000_api.o
    0x08000710   0x0000000c   Code   RO         2835    i.EXTI_ClearITPendingBit  stm32f4xx_exti.o
    0x0800071c   0x0000001c   Code   RO         1668    i.EXTI_GetITEnStatus  deca_port_stm32f405.o
    0x08000738   0x00000094   Code   RO         2840    i.EXTI_Init         stm32f4xx_exti.o
    0x080007cc   0x00000090   Code   RO         2904    i.GPIO_Init         stm32f4xx_gpio.o
    0x0800085c   0x00000046   Code   RO         2905    i.GPIO_PinAFConfig  stm32f4xx_gpio.o
    0x080008a2   0x00000012   Code   RO         2908    i.GPIO_ReadInputDataBit  stm32f4xx_gpio.o
    0x080008b4   0x00000004   Code   RO         2911    i.GPIO_ResetBits    stm32f4xx_gpio.o
    0x080008b8   0x00000004   Code   RO         2912    i.GPIO_SetBits      stm32f4xx_gpio.o
    0x080008bc   0x00000004   Code   RO          186    i.HardFault_Handler  stm32f4xx_it.o
    0x080008c0   0x00000108   Code   RO          268    i.HostCmd_Process   wsn_hostcmd.o
    0x080009c8   0x00000004   Code   RO          187    i.MemManage_Handler  stm32f4xx_it.o
    0x080009cc   0x00000002   Code   RO          188    i.NMI_Handler       stm32f4xx_it.o
    0x080009ce   0x00000002   PAD
    0x080009d0   0x00000078   Code   RO         2621    i.NVIC_Init         misc.o
    0x08000a48   0x00000014   Code   RO         2622    i.NVIC_PriorityGroupConfig  misc.o
    0x08000a5c   0x00000020   Code   RO         3008    i.RCC_AHB1PeriphClockCmd  stm32f4xx_rcc.o
    0x08000a7c   0x00000020   Code   RO         3017    i.RCC_APB1PeriphClockCmd  stm32f4xx_rcc.o
    0x08000a9c   0x00000020   Code   RO         3020    i.RCC_APB2PeriphClockCmd  stm32f4xx_rcc.o
    0x08000abc   0x00000020   Code   RO         3022    i.RCC_APB2PeriphResetCmd  stm32f4xx_rcc.o
    0x08000adc   0x000000e8   Code   RO         3029    i.RCC_GetClocksFreq  stm32f4xx_rcc.o
    0x08000bc4   0x000000f4   Code   RO         1670    i.SPI1_Configuration  deca_port_stm32f405.o
    0x08000cb8   0x0000001c   Code   RO         1671    i.SPI_ChangeRate    deca_port_stm32f405.o
    0x08000cd4   0x00000018   Code   RO         3556    i.SPI_Cmd           stm32f4xx_spi.o
    0x08000cec   0x0000003c   Code   RO         3569    i.SPI_Init          stm32f4xx_spi.o
    0x08000d28   0x00000040   Code   RO         3724    i.SYSCFG_EXTILineConfig  stm32f4xx_syscfg.o
    0x08000d68   0x000000ec   Code   RO         2580    i.SetSysClock       system_stm32f4xx.o
    0x08000e54   0x00000034   Code   RO          467    i.SysTick_Handler   port.o
    0x08000e88   0x00000068   Code   RO         2582    i.SystemInit        system_stm32f4xx.o
    0x08000ef0   0x00000030   Code   RO          342    i.TIM4_IRQHandler   delay_tim4.o
    0x08000f20   0x0000005c   Code   RO          343    i.TIM4_Init         delay_tim4.o
    0x08000f7c   0x00000006   Code   RO         3792    i.TIM_ClearITPendingBit  stm32f4xx_tim.o
    0x08000f82   0x00000018   Code   RO         3797    i.TIM_Cmd           stm32f4xx_tim.o
    0x08000f9a   0x00000022   Code   RO         3818    i.TIM_GetITStatus   stm32f4xx_tim.o
    0x08000fbc   0x00000012   Code   RO         3822    i.TIM_ITConfig      stm32f4xx_tim.o
    0x08000fce   0x00000002   PAD
    0x08000fd0   0x00000084   Code   RO         3869    i.TIM_TimeBaseInit  stm32f4xx_tim.o
    0x08001054   0x0000001c   Code   RO          344    i.Timedelay_tim4_init  delay_tim4.o
    0x08001070   0x0000002c   Code   RO          345    i.Timedelay_tim4_ms  delay_tim4.o
    0x0800109c   0x00000034   Code   RO          269    i.UART_CoordSelfNetform  wsn_hostcmd.o
    0x080010d0   0x0000013c   Code   RO          393    i.USART1_IRQHandler  usart_coordinator.o
    0x0800120c   0x00000012   Code   RO         4350    i.USART_ClearFlag   stm32f4xx_usart.o
    0x0800121e   0x00000018   Code   RO         4354    i.USART_Cmd         stm32f4xx_usart.o
    0x08001236   0x00000012   Code   RO         4355    i.USART_DMACmd      stm32f4xx_usart.o
    0x08001248   0x00000054   Code   RO         4358    i.USART_GetITStatus  stm32f4xx_usart.o
    0x0800129c   0x0000004a   Code   RO         4360    i.USART_ITConfig    stm32f4xx_usart.o
    0x080012e6   0x00000002   PAD
    0x080012e8   0x000000d4   Code   RO         4361    i.USART_Init        stm32f4xx_usart.o
    0x080013bc   0x00000084   Code   RO          394    i.USARTx_DMA_RX_Config  usart_coordinator.o
    0x08001440   0x0000007c   Code   RO          396    i.USARTx_DMA_TX_Config  usart_coordinator.o
    0x080014bc   0x00000004   Code   RO          189    i.UsageFault_Handler  stm32f4xx_it.o
    0x080014c0   0x00000020   Code   RO         4686    i.__0printf$5       mc_w.l(printf5.o)
    0x080014e0   0x0000000e   Code   RO         4868    i.__scatterload_copy  mc_w.l(handlers.o)
    0x080014ee   0x00000002   Code   RO         4869    i.__scatterload_null  mc_w.l(handlers.o)
    0x080014f0   0x0000000e   Code   RO         4870    i.__scatterload_zeroinit  mc_w.l(handlers.o)
    0x080014fe   0x00000018   Code   RO         1917    i._dwt_aonarrayupload  deca_device.o
    0x08001516   0x00000032   Code   RO         1920    i._dwt_configlde    deca_device.o
    0x08001548   0x00000014   Code   RO         1921    i._dwt_disablesequencing  deca_device.o
    0x0800155c   0x000000f4   Code   RO         1922    i._dwt_enableclocks  deca_device.o
    0x08001650   0x00000022   Code   RO         1923    i._dwt_loaducodefromrom  deca_device.o
    0x08001672   0x00000030   Code   RO         1925    i._dwt_otpread      deca_device.o
    0x080016a2   0x00000002   PAD
    0x080016a4   0x000002c0   Code   RO         4693    i._printf_core      mc_w.l(printf5.o)
    0x08001964   0x0000000c   Code   RO         1839    i.deca_sleep        deca_sleep.o
    0x08001970   0x0000001c   Code   RO         1869    i.decamutexoff      deca_mutex.o
    0x0800198c   0x00000028   Code   RO         1870    i.decamutexon       deca_mutex.o
    0x080019b4   0x0000009c   Code   RO         1621    i.dwm1000_init      dwm1000_api.o
    0x08001a50   0x00000258   Code   RO         1936    i.dwt_configure     deca_device.o
    0x08001ca8   0x00000204   Code   RO         1958    i.dwt_initialise    deca_device.o
    0x08001eac   0x00000026   Code   RO         1965    i.dwt_read16bitoffsetreg  deca_device.o
    0x08001ed2   0x0000002a   Code   RO         1966    i.dwt_read32bitoffsetreg  deca_device.o
    0x08001efc   0x00000018   Code   RO         1967    i.dwt_read8bitoffsetreg  deca_device.o
    0x08001f14   0x0000000c   Code   RO         1970    i.dwt_readdevid     deca_device.o
    0x08001f20   0x00000064   Code   RO         1973    i.dwt_readfromdevice  deca_device.o
    0x08001f84   0x00000016   Code   RO         1974    i.dwt_readrxdata    deca_device.o
    0x08001f9a   0x00000088   Code   RO         1997    i.dwt_setleds       deca_device.o
    0x08002022   0x00000024   Code   RO         2003    i.dwt_setrxaftertxdelay  deca_device.o
    0x08002046   0x00000002   PAD
    0x08002048   0x00000060   Code   RO         2005    i.dwt_setrxtimeout  deca_device.o
    0x080020a8   0x00000018   Code   RO         2010    i.dwt_setxtaltrim   deca_device.o
    0x080020c0   0x00000048   Code   RO         2011    i.dwt_softreset     deca_device.o
    0x08002108   0x0000006c   Code   RO         2013    i.dwt_starttx       deca_device.o
    0x08002174   0x00000022   Code   RO         2015    i.dwt_write16bitoffsetreg  deca_device.o
    0x08002196   0x00000028   Code   RO         2016    i.dwt_write32bitoffsetreg  deca_device.o
    0x080021be   0x00000014   Code   RO         2017    i.dwt_write8bitoffsetreg  deca_device.o
    0x080021d2   0x00000068   Code   RO         2018    i.dwt_writetodevice  deca_device.o
    0x0800223a   0x00000026   Code   RO         2019    i.dwt_writetxdata   deca_device.o
    0x08002260   0x0000002c   Code   RO         2020    i.dwt_writetxfctrl  deca_device.o
    0x0800228c   0x0000001c   Code   RO          397    i.fputc             usart_coordinator.o
    0x080022a8   0x00000094   Code   RO            4    i.main              main.o
    0x0800233c   0x00000098   Code   RO          650    i.prvAddCurrentTaskToDelayedList  tasks.o
    0x080023d4   0x000000b4   Code   RO          651    i.prvAddNewTaskToReadyList  tasks.o
    0x08002488   0x0000004c   Code   RO         1308    i.prvCheckForValidListAndQueue  timers.o
    0x080024d4   0x00000048   Code   RO          652    i.prvCheckTasksWaitingTermination  tasks.o
    0x0800251c   0x0000002a   Code   RO          998    i.prvCopyDataFromQueue  queue.o
    0x08002546   0x0000007e   Code   RO          999    i.prvCopyDataToQueue  queue.o
    0x080025c4   0x00000012   Code   RO          653    i.prvDeleteTCB      tasks.o
    0x080025d6   0x00000002   PAD
    0x080025d8   0x00000028   Code   RO         1309    i.prvGetNextExpireTime  timers.o
    0x08002600   0x0000007c   Code   RO          561    i.prvHeapInit       heap_4.o
    0x0800267c   0x00000028   Code   RO          654    i.prvIdleTask       tasks.o
    0x080026a4   0x00000026   Code   RO         1002    i.prvInitialiseNewQueue  queue.o
    0x080026ca   0x000000b4   Code   RO          655    i.prvInitialiseNewTask  tasks.o
    0x0800277e   0x00000002   PAD
    0x08002780   0x00000068   Code   RO          656    i.prvInitialiseTaskLists  tasks.o
    0x080027e8   0x00000068   Code   RO          562    i.prvInsertBlockIntoFreeList  heap_4.o
    0x08002850   0x00000058   Code   RO         1311    i.prvInsertTimerInActiveList  timers.o
    0x080028a8   0x0000001a   Code   RO         1003    i.prvIsQueueEmpty   queue.o
    0x080028c2   0x0000001e   Code   RO         1004    i.prvIsQueueFull    queue.o
    0x080028e0   0x00000074   Code   RO         1312    i.prvProcessExpiredTimer  timers.o
    0x08002954   0x00000164   Code   RO         1313    i.prvProcessReceivedCommands  timers.o
    0x08002ab8   0x00000074   Code   RO         1314    i.prvProcessTimerOrBlockTask  timers.o
    0x08002b2c   0x00000030   Code   RO          657    i.prvResetNextTaskUnblockTime  tasks.o
    0x08002b5c   0x0000002c   Code   RO         1315    i.prvSampleTimeNow  timers.o
    0x08002b88   0x000000a4   Code   RO         1316    i.prvSwitchTimerLists  timers.o
    0x08002c2c   0x00000040   Code   RO          468    i.prvTaskExitError  port.o
    0x08002c6c   0x0000001a   Code   RO         1317    i.prvTimerTask      timers.o
    0x08002c86   0x0000007e   Code   RO         1005    i.prvUnlockQueue    queue.o
    0x08002d04   0x0000014c   Code   RO          563    i.pvPortMalloc      heap_4.o
    0x08002e50   0x0000002c   Code   RO          469    i.pxPortInitialiseStack  port.o
    0x08002e7c   0x0000007c   Code   RO         1790    i.readfromspi       deca_spi.o
    0x08002ef8   0x00000060   Code   RO         1676    i.reset_DW1000      deca_port_stm32f405.o
    0x08002f58   0x0000000c   Code   RO         1840    i.sleep_ms          deca_sleep.o
    0x08002f64   0x0000000a   Code   RO         1678    i.spi_set_rate_high  deca_port_stm32f405.o
    0x08002f6e   0x0000000a   Code   RO         1679    i.spi_set_rate_low  deca_port_stm32f405.o
    0x08002f78   0x00000050   Code   RO            5    i.start_task        main.o
    0x08002fc8   0x00000130   Code   RO            6    i.test_task         main.o
    0x080030f8   0x000000ec   Code   RO          400    i.usartx_init       usart_coordinator.o
    0x080031e4   0x00000028   Code   RO         1176    i.uxListRemove      list.o
    0x0800320c   0x0000001a   Code   RO         1177    i.vListInitialise   list.o
    0x08003226   0x00000006   Code   RO         1178    i.vListInitialiseItem  list.o
    0x0800322c   0x00000034   Code   RO         1179    i.vListInsert       list.o
    0x08003260   0x00000018   Code   RO         1180    i.vListInsertEnd    list.o
    0x08003278   0x00000054   Code   RO          471    i.vPortEnterCritical  port.o
    0x080032cc   0x0000003c   Code   RO          472    i.vPortExitCritical  port.o
    0x08003308   0x000000a4   Code   RO          564    i.vPortFree         heap_4.o
    0x080033ac   0x00000028   Code   RO          473    i.vPortSetupTimerInterrupt  port.o
    0x080033d4   0x00000078   Code   RO          474    i.vPortValidateInterruptPriority  port.o
    0x0800344c   0x0000004a   Code   RO         1010    i.vQueueWaitForMessageRestricted  queue.o
    0x08003496   0x00000002   PAD
    0x08003498   0x000000f4   Code   RO          668    i.vTaskDelete       tasks.o
    0x0800358c   0x00000018   Code   RO          671    i.vTaskInternalSetTimeOutState  tasks.o
    0x080035a4   0x0000000c   Code   RO          672    i.vTaskMissedYield  tasks.o
    0x080035b0   0x00000038   Code   RO          673    i.vTaskPlaceOnEventList  tasks.o
    0x080035e8   0x00000040   Code   RO          674    i.vTaskPlaceOnEventListRestricted  tasks.o
    0x08003628   0x00000094   Code   RO          681    i.vTaskStartScheduler  tasks.o
    0x080036bc   0x00000010   Code   RO          683    i.vTaskSuspendAll   tasks.o
    0x080036cc   0x0000008c   Code   RO          684    i.vTaskSwitchContext  tasks.o
    0x08003758   0x0000007c   Code   RO         1791    i.writetospi        deca_spi.o
    0x080037d4   0x00000190   Code   RO          475    i.xPortStartScheduler  port.o
    0x08003964   0x0000007c   Code   RO         1013    i.xQueueGenericCreate  queue.o
    0x080039e0   0x00000098   Code   RO         1014    i.xQueueGenericReset  queue.o
    0x08003a78   0x000001a8   Code   RO         1015    i.xQueueGenericSend  queue.o
    0x08003c20   0x00000120   Code   RO         1016    i.xQueueGenericSendFromISR  queue.o
    0x08003d40   0x00000168   Code   RO         1022    i.xQueueReceive     queue.o
    0x08003ea8   0x00000090   Code   RO          686    i.xTaskCheckForTimeOut  tasks.o
    0x08003f38   0x00000060   Code   RO          687    i.xTaskCreate       tasks.o
    0x08003f98   0x00000020   Code   RO          693    i.xTaskGetSchedulerState  tasks.o
    0x08003fb8   0x0000000c   Code   RO          694    i.xTaskGetTickCount  tasks.o
    0x08003fc4   0x00000148   Code   RO          696    i.xTaskIncrementTick  tasks.o
    0x0800410c   0x000000bc   Code   RO          697    i.xTaskPriorityDisinherit  tasks.o
    0x080041c8   0x00000098   Code   RO          699    i.xTaskRemoveFromEventList  tasks.o
    0x08004260   0x00000104   Code   RO          700    i.xTaskResumeAll    tasks.o
    0x08004364   0x00000058   Code   RO         1323    i.xTimerCreateTimerTask  timers.o
    0x080043bc   0x00000084   Code   RO         1324    i.xTimerGenericCommand  timers.o
    0x08004440   0x000000ae   Data   RO         1896    .constdata          deca_params_init.o
    0x080044ee   0x00000002   PAD
    0x080044f0   0x00000020   Data   RO         4866    Region$$Table       anon$$obj.o


    Execution Region RW_IRAM1 (Base: 0x20000000, Size: 0x00013748, Max: 0x00020000, ABSOLUTE)

    Base Addr    Size         Type   Attr      Idx    E Section Name        Object

    0x20000000   0x0000003c   Data   RW            7    .data               main.o
    0x2000003c   0x00000005   Data   RW          239    .data               coordinatorstates.o
    0x20000041   0x00000003   PAD
    0x20000044   0x00000004   Data   RW          347    .data               delay_tim4.o
    0x20000048   0x00000002   Data   RW          402    .data               usart_coordinator.o
    0x2000004a   0x00000002   PAD
    0x2000004c   0x0000000c   Data   RW          476    .data               port.o
    0x20000058   0x00000020   Data   RW          570    .data               heap_4.o
    0x20000078   0x0000003c   Data   RW          703    .data               tasks.o
    0x200000b4   0x00000014   Data   RW         1332    .data               timers.o
    0x200000c8   0x00000014   Data   RW         1623    .data               dwm1000_api.o
    0x200000dc   0x00000004   Data   RW         1680    .data               deca_port_stm32f405.o
    0x200000e0   0x00000004   Data   RW         2022    .data               deca_device.o
    0x200000e4   0x00000014   Data   RW         2583    .data               system_stm32f4xx.o
    0x200000f8   0x00000010   Data   RW         3061    .data               stm32f4xx_rcc.o
    0x20000108   0x00000004   Data   RW         4842    .data               mc_w.l(stdout.o)
    0x2000010c   0x00000510   Zero   RW          401    .bss                usart_coordinator.o
    0x2000061c   0x00012c00   Zero   RW          569    .bss                heap_4.o
    0x2001321c   0x000000c8   Zero   RW          702    .bss                tasks.o
    0x200132e4   0x00000028   Zero   RW         1331    .bss                timers.o
    0x2001330c   0x00000038   Zero   RW         2021    .bss                deca_device.o
    0x20013344   0x00000004   PAD
    0x20013348   0x00000400   Zero   RW         2570    STACK               startup_stm32f40_41xxx.o


==============================================================================

Image component sizes


      Code (inc. data)   RO Data    RW Data    ZI Data      Debug   Object Name

         0          0          0          5          0        854   coordinatorstates.o
      2526         92          0          4         56      20419   deca_device.o
        68          6          0          0          0       1441   deca_mutex.o
         0          0        174          0          0       2304   deca_params_init.o
       716         46          0          4          0      35131   deca_port_stm32f405.o
        24          0          0          0          0       1224   deca_sleep.o
       248         18          0          0          0       6827   deca_spi.o
       212         28          0          4          0       2541   delay_tim4.o
       196         82          0         20          0       1565   dwm1000_api.o
       724         74          0         32      76800      18427   heap_4.o
       148          0          0          0          0       3622   list.o
       532        170          0         60          0     324152   main.o
       140         24          0          0          0      18979   misc.o
      1054         90          0         12          0      11937   port.o
      1810         14          0          0          0      21471   queue.o
        36          8        392          0       1024        888   startup_stm32f40_41xxx.o
       584         40          0          0          0      18024   stm32f4xx_dma.o
       160         12          0          0          0       4233   stm32f4xx_exti.o
       240          0          0          0          0      11031   stm32f4xx_gpio.o
        20          0          0          0          0       3121   stm32f4xx_it.o
       360         42          0         16          0      21128   stm32f4xx_rcc.o
        84          0          0          0          0      10225   stm32f4xx_spi.o
        64          4          0          0          0        704   stm32f4xx_syscfg.o
       214         28          0          0          0      23846   stm32f4xx_tim.o
       430          8          0          0          0      11371   stm32f4xx_usart.o
       340         32          0         20          0       1993   system_stm32f4xx.o
      2710        382          0         60        200      33559   tasks.o
      1246        108          0         20         40      12839   timers.o
       836        116          0          2       1296       7303   usart_coordinator.o
       316        186          0          0          0       5342   wsn_hostcmd.o

    ----------------------------------------------------------------------
     16062       1610        600        264      79420     636501   Object Totals
         0          0         32          0          0          0   (incl. Generated)
        24          0          2          5          4          0   (incl. Padding)

    ----------------------------------------------------------------------

      Code (inc. data)   RO Data    RW Data    ZI Data      Debug   Library Member Name

         0          0          0          0          0          0   entry.o
         0          0          0          0          0          0   entry10a.o
         0          0          0          0          0          0   entry11a.o
         8          4          0          0          0          0   entry2.o
         4          0          0          0          0          0   entry5.o
         0          0          0          0          0          0   entry7b.o
         0          0          0          0          0          0   entry8b.o
         8          4          0          0          0          0   entry9a.o
        30          0          0          0          0          0   handlers.o
        36          8          0          0          0         68   init.o
        30          0          0          0          0         68   llshl.o
        32          0          0          0          0         68   llushr.o
        36          0          0          0          0         68   memcpya.o
       736         56          0          0          0        184   printf5.o
         0          0          0          4          0          0   stdout.o
        98          0          0          0          0         92   uldiv.o

    ----------------------------------------------------------------------
      1018         72          0          4          0        548   Library Totals
         0          0          0          0          0          0   (incl. Padding)

    ----------------------------------------------------------------------

      Code (inc. data)   RO Data    RW Data    ZI Data      Debug   Library Name

      1018         72          0          4          0        548   mc_w.l

    ----------------------------------------------------------------------
      1018         72          0          4          0        548   Library Totals

    ----------------------------------------------------------------------

==============================================================================


      Code (inc. data)   RO Data    RW Data    ZI Data      Debug   

     17080       1682        600        268      79420     621145   Grand Totals
     17080       1682        600        268      79420     621145   ELF Image Totals
     17080       1682        600        268          0          0   ROM Totals

==============================================================================

    Total RO  Size (Code + RO Data)                17680 (  17.27kB)
    Total RW  Size (RW Data + ZI Data)             79688 (  77.82kB)
    Total ROM Size (Code + RO Data + RW Data)      17948 (  17.53kB)

==============================================================================

