<html>
<body>
<pre>
<h1>µVision Build Log</h1>
<h2>Tool Versions:</h2>
IDE-Version: ¦ÌVision V5.15
Copyright (C) 2015 ARM Ltd and ARM Germany GmbH. All rights reserved.
License Information: Y Yew, ew, LIC=D0DTG-VRA37-W28LL-0YPI4-VAYNH-ZQD8B
 
Tool Versions:
Toolchain:       MDK-ARM Standard  Version: 5.15.0
Toolchain Path:  D:\Keil_v5\ARM\ARMCC\Bin
C Compiler:      Armcc.exe V5.05 update 2 (build 169)
Assembler:       Armasm.exe V5.05 update 2 (build 169)
Linker/Locator:  ArmLink.exe V5.05 update 2 (build 169)
Library Manager: ArmAr.exe V5.05 update 2 (build 169)
Hex Converter:   FromElf.exe V5.05 update 2 (build 169)
CPU DLL:         SARMCM3.DLL V5.15.0
Dialog DLL:      DARMSTM.DLL V1.65.0.0
Target DLL:      STLink\ST-LINKIII-KEIL_SWO.dll V2.0.15.0_KEIL
Dialog DLL:      TARMSTM.DLL V1.64.0.0
 
<h2>Project:</h2>
E:\Mycode2\WSN_data004\Project\WSN_data004.uvprojx
Project File Date:  07/13/2021

<h2>Output:</h2>
*** Using Compiler 'V5.05 update 2 (build 169)', folder: 'D:\Keil_v5\ARM\ARMCC\Bin'
Rebuild target 'STM32F405RG'
compiling main.c...
..\User\main.c(7): warning:  #177-D: variable "tx_msg" was declared but never referenced
  static uint8 tx_msg[]={'M','o','l','i','a','m','!','M','o','l','i','a','m','!','d','d'};
..\User\main.c(8): warning:  #177-D: variable "status_reg" was declared but never referenced
  static uint32 status_reg = 0;
..\User\main.c: 2 warnings, 0 errors
compiling init_all.c...
compiling stm32f4xx_it.c...
compiling wsn_hostcmd.c...
..\User\wsn\wsn_hostcmd.c(70): warning:  #550-D: variable "baseBeaclod" was set but never used
    SelfNetBeaclodBaseInforStruct  baseBeaclod;  //Â·??????Òª?ã²????Å±ê¸???
..\User\wsn\wsn_hostcmd.c: 1 warning, 0 errors
compiling coordinatorstates.c...
compiling led.c...
compiling malloc.c...
compiling delay_tim4.c...
compiling usart_coordinator.c...
compiling dwm1000_init.c...
compiling port.c...
compiling deca_spi.c...
compiling deca_sleep.c...
compiling deca_mutex.c...
compiling deca_params_init.c...
compiling deca_device.c...
compiling misc.c...
compiling stm32f4xx_gpio.c...
compiling stm32f4xx_rcc.c...
compiling stm32f4xx_usart.c...
compiling stm32f4xx_spi.c...
compiling stm32f4xx_tim.c...
compiling stm32f4xx_syscfg.c...
compiling stm32f4xx_dma.c...
compiling stm32f4xx_exti.c...
assembling startup_stm32f40_41xxx.s...
compiling system_stm32f4xx.c...
linking...
Program Size: Code=5108 RO-data=424 RW-data=72 ZI-data=2320  
FromELF: creating hex file...
".\Output\STM32F405RG.axf" - 0 Error(s), 3 Warning(s).

<h2>Collection of Component include folders:</h2>
  E:\Mycode2\WSN_data004\Project\RTE
  D:\Keil_v5\ARM\PACK\Keil\STM32F4xx_DFP\2.14.0\Drivers\CMSIS\Device\ST\STM32F4xx\Include

<h2>Collection of Component Files used:</h2>
</pre>
</body>
</html>
