<html>
<body>
<pre>
<h1>µVision Build Log</h1>
<h2>Tool Versions:</h2>
IDE-Version: ¦ÌVision V5.15
Copyright (C) 2015 ARM Ltd and ARM Germany GmbH. All rights reserved.
License Information: Y Yew, ew, LIC=D0DTG-VRA37-W28LL-0YPI4-VAYNH-ZQD8B
 
Tool Versions:
Toolchain:       MDK-ARM Standard  Version: 5.15.0
Toolchain Path:  D:\Keil_v5\ARM\ARMCC\Bin
C Compiler:      Armcc.exe V5.05 update 2 (build 169)
Assembler:       Armasm.exe V5.05 update 2 (build 169)
Linker/Locator:  ArmLink.exe V5.05 update 2 (build 169)
Library Manager: ArmAr.exe V5.05 update 2 (build 169)
Hex Converter:   FromElf.exe V5.05 update 2 (build 169)
CPU DLL:         SARMCM3.DLL V5.15.0
Dialog DLL:      DCM.DLL V1.13.2.0
Target DLL:      STLink\ST-LINKIII-KEIL_SWO.dll V2.0.15.0_KEIL
Dialog DLL:      TCM.DLL V1.14.5.0
 
<h2>Project:</h2>
E:\Mycode2\WSN001_data005\Project\WSN_data_005.uvprojx
Project File Date:  10/25/2021

<h2>Output:</h2>
*** Using Compiler 'V5.05 update 2 (build 169)', folder: 'D:\Keil_v5\ARM\ARMCC\Bin'
Rebuild target 'RTOS'
compiling main.c...
..\Code_user\main.c(226): warning:  #128-D: loop is not reachable
        while(1){}
..\Code_user\main.c: 1 warning, 0 errors
compiling stm32f4xx_it.c...
compiling coordinatorstates.c...
compiling wsn_hostcmd.c...
..\Code_user\Wsn\wsn_hostcmd.c(70): warning:  #550-D: variable "baseBeaclod" was set but never used
    SelfNetBeaclodBaseInforStruct  baseBeaclod;  //Â·??????Òª?ã²????Å±ê¸???
..\Code_user\Wsn\wsn_hostcmd.c: 1 warning, 0 errors
compiling led.c...
compiling delay_tim4.c...
compiling usart_coordinator.c...
compiling port.c...
compiling heap_4.c...
compiling tasks.c...
compiling queue.c...
compiling list.c...
compiling event_groups.c...
compiling timers.c...
compiling stream_buffer.c...
compiling dwm1000_api.c...
..\Code_transplant\Hardware_dwm1000\dwm1000_port_stm32f405\dwm1000_api.c(136): warning:  #177-D: variable "status_tx_reg" was declared but never referenced
  static uint32 status_tx_reg = 0;
..\Code_transplant\Hardware_dwm1000\dwm1000_port_stm32f405\dwm1000_api.c: 1 warning, 0 errors
compiling deca_port_stm32f405.c...
compiling deca_spi.c...
compiling deca_sleep.c...
compiling deca_mutex.c...
compiling deca_params_init.c...
compiling deca_device.c...
assembling startup_stm32f40_41xxx.s...
compiling system_stm32f4xx.c...
compiling misc.c...
compiling stm32f4xx_dma.c...
compiling stm32f4xx_exti.c...
compiling stm32f4xx_gpio.c...
compiling stm32f4xx_rcc.c...
compiling stm32f4xx_sdio.c...
compiling stm32f4xx_spi.c...
compiling stm32f4xx_syscfg.c...
compiling stm32f4xx_tim.c...
compiling stm32f4xx_usart.c...
linking...
Program Size: Code=17080 RO-data=600 RW-data=268 ZI-data=79420  
FromELF: creating hex file...
".\Output\WSN_RTOS.axf" - 0 Error(s), 3 Warning(s).

<h2>Collection of Component include folders:</h2>
  E:\Mycode2\WSN001_data005\Project\RTE
  D:\Keil_v5\ARM\PACK\Keil\STM32F4xx_DFP\2.14.0\Drivers\CMSIS\Device\ST\STM32F4xx\Include

<h2>Collection of Component Files used:</h2>
</pre>
</body>
</html>
